Middlewares/Third_Party/LwIP/src/apps/mqtt/mqtt.c:1097:mqtt_publish	56	static
Middlewares/Third_Party/LwIP/src/apps/mqtt/mqtt.c:514:mqtt_output_check_space	16	static
Middlewares/Third_Party/LwIP/src/apps/mqtt/mqtt.c:494:mqtt_output_append_fixed_header	20	static
Middlewares/Third_Party/LwIP/src/apps/mqtt/mqtt.c:473:mqtt_output_append_string	16	static
Middlewares/Third_Party/LwIP/src/apps/mqtt/mqtt.c:234:mqtt_output_send	40	static
Middlewares/Third_Party/LwIP/src/apps/mqtt/mqtt.c:1173:mqtt_sub_unsub	56	static
Middlewares/Third_Party/LwIP/src/apps/mqtt/mqtt.c:1238:mqtt_set_inpub_callback	24	static
Middlewares/Third_Party/LwIP/src/apps/mqtt/mqtt.c:1254:mqtt_client_new	0	static
Middlewares/Third_Party/LwIP/src/apps/mqtt/mqtt.c:1266:mqtt_client_free	0	static
Middlewares/Third_Party/LwIP/src/apps/mqtt/mqtt.c:1283:mqtt_client_connect	80	static
Middlewares/Third_Party/LwIP/src/apps/mqtt/mqtt.c:1044:mqtt_tcp_connect_cb	24	static
Middlewares/Third_Party/LwIP/src/apps/mqtt/mqtt.c:1009:mqtt_tcp_err_cb	16	static
Middlewares/Third_Party/LwIP/src/apps/mqtt/mqtt.c:1437:mqtt_disconnect	8	static
Middlewares/Third_Party/LwIP/src/apps/mqtt/mqtt.c:537:mqtt_close	24	static
Middlewares/Third_Party/LwIP/src/apps/mqtt/mqtt.c:1456:mqtt_client_is_connected	8	static
Middlewares/Third_Party/LwIP/src/apps/mqtt/mqtt.c:932:mqtt_tcp_recv_cb	64	static
Middlewares/Third_Party/LwIP/src/apps/mqtt/mqtt.c:976:mqtt_tcp_sent_cb	32	static
Middlewares/Third_Party/LwIP/src/apps/mqtt/mqtt.c:1027:mqtt_tcp_poll_cb	16	static
Middlewares/Third_Party/LwIP/src/apps/mqtt/mqtt.c:576:mqtt_cyclic_timer	24	static
Middlewares/Third_Party/LwIP/src/apps/mqtt/mqtt.c:672:mqtt_message_received	64	static
Middlewares/Third_Party/LwIP/src/apps/mqtt/mqtt.c:635:pub_ack_rec_rel_response	16	static
