STMicroelectronics Memory Configuration

Name     Origin   Length   Bytes-Used %age-Used Attributes
RAM 0x20000000 0x020000 0x00d530       41%  rwx     
CCMRAM 0x10000000 0x010000 0x000000        0%  rwx     
FLASH 0x8000000 0x100000 0x011120        6%  rx      

     VMA      LMA     Size Align Out     In      Symbol
       0        0        0     1 _estack = ORIGIN(RAM) + LENGTH(RAM)
       0        0        0     1 _sstack = _estack - _Min_Stack_Size
       0        0        0     1 _Min_Heap_Size = 0x200
       0        0        0     1 _Min_Stack_Size = 0x400
 8000000  8000000      188     1 .isr_vector
 8000000  8000000        0     1         . = ALIGN(4)
 8000000  8000000      188     1         CMakeFiles/PLCJS_ETH_MODULE_12DI_D4MG_STM32F407VGT6.dir/startup_stm32f407xx.s.obj:(.isr_vector)
 8000000  8000000      188     1                 g_pfnVectors
 8000188  8000188        0     1         . = ALIGN(4)
 8000190  8000190     eb9c    16 .text
 8000190  8000190        0     1         . = ALIGN(4)
 8000190  8000190       14     4         C:/ST/STM32CubeCLT_1.21.0/st-arm-clang/bin/../lib/clang-runtimes/arm-none-eabi/armv7m_hard_fpv4_sp_d16_exn_rtti_unaligned_size/lib/libclang_rt.builtins.a(aeabi_uldivmod.S.obj):(.text)
 8000190  8000190        0     1                 $t
 8000191  8000191       14     1                 __aeabi_uldivmod
 80001a4  80001a4       12     4         cmake/stm32cubemx/CMakeFiles/STM32_Drivers.dir/__/__/Core/Src/system_stm32f4xx.c.obj:(.text.SystemInit)
 80001a4  80001a4        0     1                 $t
 80001a5  80001a5       12     1                 SystemInit
 80001b8  80001b8       58     4         cmake/stm32cubemx/CMakeFiles/STM32_Drivers.dir/__/__/Drivers/STM32F4xx_HAL_Driver/Src/stm32f4xx_hal_tim.c.obj:(.text.HAL_TIM_Base_Init)
 80001b8  80001b8        0     1                 $t
 80001b9  80001b9       58     1                 HAL_TIM_Base_Init
 8000210  8000210        2     4         cmake/stm32cubemx/CMakeFiles/STM32_Drivers.dir/__/__/Drivers/STM32F4xx_HAL_Driver/Src/stm32f4xx_hal_tim.c.obj:(.text.HAL_TIM_Base_MspInit)
 8000210  8000210        0     1                 $t
 8000211  8000211        2     1                 HAL_TIM_Base_MspInit
 8000214  8000214      12c     4         cmake/stm32cubemx/CMakeFiles/STM32_Drivers.dir/__/__/Drivers/STM32F4xx_HAL_Driver/Src/stm32f4xx_hal_tim.c.obj:(.text.TIM_Base_SetConfig)
 8000214  8000214        0     1                 $t
 8000215  8000215      12c     1                 TIM_Base_SetConfig
 8000340  8000340       ac     4         cmake/stm32cubemx/CMakeFiles/STM32_Drivers.dir/__/__/Drivers/STM32F4xx_HAL_Driver/Src/stm32f4xx_hal_tim.c.obj:(.text.HAL_TIM_Base_Start_IT)
 8000340  8000340        0     1                 $t
 8000341  8000341       ac     1                 HAL_TIM_Base_Start_IT
 80003ec  80003ec      148     4         cmake/stm32cubemx/CMakeFiles/STM32_Drivers.dir/__/__/Drivers/STM32F4xx_HAL_Driver/Src/stm32f4xx_hal_tim.c.obj:(.text.HAL_TIM_IRQHandler)
 80003ec  80003ec        0     1                 $t
 80003ed  80003ed      148     1                 HAL_TIM_IRQHandler
 8000534  8000534        2     4         cmake/stm32cubemx/CMakeFiles/STM32_Drivers.dir/__/__/Drivers/STM32F4xx_HAL_Driver/Src/stm32f4xx_hal_tim.c.obj:(.text.HAL_TIM_IC_CaptureCallback)
 8000534  8000534        0     1                 $t
 8000535  8000535        2     1                 HAL_TIM_IC_CaptureCallback
 8000538  8000538        2     4         cmake/stm32cubemx/CMakeFiles/STM32_Drivers.dir/__/__/Drivers/STM32F4xx_HAL_Driver/Src/stm32f4xx_hal_tim.c.obj:(.text.HAL_TIM_OC_DelayElapsedCallback)
 8000538  8000538        0     1                 $t
 8000539  8000539        2     1                 HAL_TIM_OC_DelayElapsedCallback
 800053c  800053c        2     4         cmake/stm32cubemx/CMakeFiles/STM32_Drivers.dir/__/__/Drivers/STM32F4xx_HAL_Driver/Src/stm32f4xx_hal_tim.c.obj:(.text.HAL_TIM_PWM_PulseFinishedCallback)
 800053c  800053c        0     1                 $t
 800053d  800053d        2     1                 HAL_TIM_PWM_PulseFinishedCallback
 8000540  8000540        2     4         cmake/stm32cubemx/CMakeFiles/STM32_Drivers.dir/__/__/Drivers/STM32F4xx_HAL_Driver/Src/stm32f4xx_hal_tim.c.obj:(.text.HAL_TIM_TriggerCallback)
 8000540  8000540        0     1                 $t
 8000541  8000541        2     1                 HAL_TIM_TriggerCallback
 8000544  8000544        2     4         cmake/stm32cubemx/CMakeFiles/STM32_Drivers.dir/__/__/Drivers/STM32F4xx_HAL_Driver/Src/stm32f4xx_hal_tim_ex.c.obj:(.text.HAL_TIMEx_CommutCallback)
 8000544  8000544        0     1                 $t
 8000545  8000545        2     1                 HAL_TIMEx_CommutCallback
 8000548  8000548        2     4         cmake/stm32cubemx/CMakeFiles/STM32_Drivers.dir/__/__/Drivers/STM32F4xx_HAL_Driver/Src/stm32f4xx_hal_tim_ex.c.obj:(.text.HAL_TIMEx_BreakCallback)
 8000548  8000548        0     1                 $t
 8000549  8000549        2     1                 HAL_TIMEx_BreakCallback
 800054c  800054c      36e     4         cmake/stm32cubemx/CMakeFiles/STM32_Drivers.dir/__/__/Drivers/STM32F4xx_HAL_Driver/Src/stm32f4xx_hal_rcc.c.obj:(.text.HAL_RCC_OscConfig)
 800054c  800054c        0     1                 $t
 800054d  800054d      36e     1                 HAL_RCC_OscConfig
 80008bc  80008bc      140     4         cmake/stm32cubemx/CMakeFiles/STM32_Drivers.dir/__/__/Drivers/STM32F4xx_HAL_Driver/Src/stm32f4xx_hal_rcc.c.obj:(.text.HAL_RCC_ClockConfig)
 80008bc  80008bc        0     1                 $t
 80008bd  80008bd      140     1                 HAL_RCC_ClockConfig
 80009fc  80009fc       74     4         cmake/stm32cubemx/CMakeFiles/STM32_Drivers.dir/__/__/Drivers/STM32F4xx_HAL_Driver/Src/stm32f4xx_hal_rcc.c.obj:(.text.HAL_RCC_GetSysClockFreq)
 80009fc  80009fc        0     1                 $t
 80009fd  80009fd       74     1                 HAL_RCC_GetSysClockFreq
 8000a1e  8000a1e        0     1                 $d
 8000a22  8000a22        0     1                 $t
 8000a70  8000a70       26     4         cmake/stm32cubemx/CMakeFiles/STM32_Drivers.dir/__/__/Drivers/STM32F4xx_HAL_Driver/Src/stm32f4xx_hal_rcc.c.obj:(.text.HAL_RCC_GetPCLK2Freq)
 8000a70  8000a70        0     1                 $t
 8000a71  8000a71       26     1                 HAL_RCC_GetPCLK2Freq
 8000a98  8000a98       3e     4         cmake/stm32cubemx/CMakeFiles/STM32_Drivers.dir/__/__/Drivers/STM32F4xx_HAL_Driver/Src/stm32f4xx_hal_rcc.c.obj:(.text.HAL_RCC_GetClockConfig)
 8000a98  8000a98        0     1                 $t
 8000a99  8000a99       3e     1                 HAL_RCC_GetClockConfig
 8000ad8  8000ad8      198     4         cmake/stm32cubemx/CMakeFiles/STM32_Drivers.dir/__/__/Drivers/STM32F4xx_HAL_Driver/Src/stm32f4xx_hal_gpio.c.obj:(.text.HAL_GPIO_Init)
 8000ad8  8000ad8        0     1                 $t
 8000ad9  8000ad9      198     1                 HAL_GPIO_Init
 8000c70  8000c70        a     4         cmake/stm32cubemx/CMakeFiles/STM32_Drivers.dir/__/__/Drivers/STM32F4xx_HAL_Driver/Src/stm32f4xx_hal_gpio.c.obj:(.text.HAL_GPIO_WritePin)
 8000c70  8000c70        0     1                 $t
 8000c71  8000c71        a     1                 HAL_GPIO_WritePin
 8000c7c  8000c7c       20     4         cmake/stm32cubemx/CMakeFiles/STM32_Drivers.dir/__/__/Drivers/STM32F4xx_HAL_Driver/Src/stm32f4xx_hal_cortex.c.obj:(.text.HAL_NVIC_SetPriorityGrouping)
 8000c7c  8000c7c        0     1                 $t
 8000c7d  8000c7d       20     1                 HAL_NVIC_SetPriorityGrouping
 8000c9c  8000c9c       5c     4         cmake/stm32cubemx/CMakeFiles/STM32_Drivers.dir/__/__/Drivers/STM32F4xx_HAL_Driver/Src/stm32f4xx_hal_cortex.c.obj:(.text.HAL_NVIC_SetPriority)
 8000c9c  8000c9c        0     1                 $t
 8000c9d  8000c9d       5c     1                 HAL_NVIC_SetPriority
 8000cf8  8000cf8       22     4         cmake/stm32cubemx/CMakeFiles/STM32_Drivers.dir/__/__/Drivers/STM32F4xx_HAL_Driver/Src/stm32f4xx_hal_cortex.c.obj:(.text.HAL_NVIC_EnableIRQ)
 8000cf8  8000cf8        0     1                 $t
 8000cf9  8000cf9       22     1                 HAL_NVIC_EnableIRQ
 8000d1c  8000d1c       36     4         cmake/stm32cubemx/CMakeFiles/STM32_Drivers.dir/__/__/Drivers/STM32F4xx_HAL_Driver/Src/stm32f4xx_hal.c.obj:(.text.HAL_Init)
 8000d1c  8000d1c        0     1                 $t
 8000d1d  8000d1d       36     1                 HAL_Init
 8000d54  8000d54       1a     4         cmake/stm32cubemx/CMakeFiles/STM32_Drivers.dir/__/__/Drivers/STM32F4xx_HAL_Driver/Src/stm32f4xx_hal.c.obj:(.text.HAL_IncTick)
 8000d54  8000d54        0     1                 $t
 8000d55  8000d55       1a     1                 HAL_IncTick
 8000d70  8000d70        c     4         cmake/stm32cubemx/CMakeFiles/STM32_Drivers.dir/__/__/Drivers/STM32F4xx_HAL_Driver/Src/stm32f4xx_hal.c.obj:(.text.HAL_GetTick)
 8000d70  8000d70        0     1                 $t
 8000d71  8000d71        c     1                 HAL_GetTick
 8000d7c  8000d7c       28     4         cmake/stm32cubemx/CMakeFiles/STM32_Drivers.dir/__/__/Drivers/STM32F4xx_HAL_Driver/Src/stm32f4xx_hal.c.obj:(.text.HAL_Delay)
 8000d7c  8000d7c        0     1                 $t
 8000d7d  8000d7d       28     1                 HAL_Delay
 8000da4  8000da4      21c     4         cmake/stm32cubemx/CMakeFiles/STM32_Drivers.dir/__/__/Drivers/STM32F4xx_HAL_Driver/Src/stm32f4xx_hal_eth.c.obj:(.text.HAL_ETH_Init)
 8000da4  8000da4        0     1                 $t
 8000da5  8000da5      21c     1                 HAL_ETH_Init
 8000fc0  8000fc0        2     4         cmake/stm32cubemx/CMakeFiles/STM32_Drivers.dir/__/__/Drivers/STM32F4xx_HAL_Driver/Src/stm32f4xx_hal_eth.c.obj:(.text.HAL_ETH_MspInit)
 8000fc0  8000fc0        0     1                 $t
 8000fc1  8000fc1        2     1                 HAL_ETH_MspInit
 8000fc4  8000fc4       b4     4         cmake/stm32cubemx/CMakeFiles/STM32_Drivers.dir/__/__/Drivers/STM32F4xx_HAL_Driver/Src/stm32f4xx_hal_eth.c.obj:(.text.ETH_UpdateDescriptor)
 8000fc4  8000fc4        0     1                 $t
 8000fc5  8000fc5       b4     1                 ETH_UpdateDescriptor
 8001078  8001078      1c6     4         cmake/stm32cubemx/CMakeFiles/STM32_Drivers.dir/__/__/Drivers/STM32F4xx_HAL_Driver/Src/stm32f4xx_hal_eth.c.obj:(.text.ETH_Prepare_Tx_Descriptors)
 8001078  8001078        0     1                 $t
 8001079  8001079      1c6     1                 ETH_Prepare_Tx_Descriptors
 8001240  8001240       76     4         cmake/stm32cubemx/CMakeFiles/STM32_Drivers.dir/__/__/Drivers/STM32F4xx_HAL_Driver/Src/stm32f4xx_hal_eth.c.obj:(.text.HAL_ETH_Transmit_IT)
 8001240  8001240        0     1                 $t
 8001241  8001241       76     1                 HAL_ETH_Transmit_IT
 80012b8  80012b8      124     4         cmake/stm32cubemx/CMakeFiles/STM32_Drivers.dir/__/__/Drivers/STM32F4xx_HAL_Driver/Src/stm32f4xx_hal_eth.c.obj:(.text.HAL_ETH_ReadData)
 80012b8  80012b8        0     1                 $t
 80012b9  80012b9      124     1                 HAL_ETH_ReadData
 80013dc  80013dc       8a     4         cmake/stm32cubemx/CMakeFiles/STM32_Drivers.dir/__/__/Drivers/STM32F4xx_HAL_Driver/Src/stm32f4xx_hal_eth.c.obj:(.text.HAL_ETH_ReleaseTxPacket)
 80013dc  80013dc        0     1                 $t
 80013dd  80013dd       8a     1                 HAL_ETH_ReleaseTxPacket
 8001468  8001468       ee     4         cmake/stm32cubemx/CMakeFiles/STM32_Drivers.dir/__/__/Drivers/STM32F4xx_HAL_Driver/Src/stm32f4xx_hal_eth.c.obj:(.text.HAL_ETH_IRQHandler)
 8001468  8001468        0     1                 $t
 8001469  8001469       ee     1                 HAL_ETH_IRQHandler
 8001558  8001558        2     4         cmake/stm32cubemx/CMakeFiles/STM32_Drivers.dir/__/__/Drivers/STM32F4xx_HAL_Driver/Src/stm32f4xx_hal_eth.c.obj:(.text.HAL_ETH_PMTCallback)
 8001558  8001558        0     1                 $t
 8001559  8001559        2     1                 HAL_ETH_PMTCallback
 800155c  800155c        2     4         cmake/stm32cubemx/CMakeFiles/STM32_Drivers.dir/__/__/Drivers/STM32F4xx_HAL_Driver/Src/stm32f4xx_hal_eth.c.obj:(.text.HAL_ETH_WakeUpCallback)
 800155c  800155c        0     1                 $t
 800155d  800155d        2     1                 HAL_ETH_WakeUpCallback
 8001560  8001560       de     4         cmake/stm32cubemx/CMakeFiles/STM32_Drivers.dir/__/__/Drivers/STM32F4xx_HAL_Driver/Src/stm32f4xx_hal_eth.c.obj:(.text.ETH_SetMACConfig)
 8001560  8001560        0     1                 $t
 8001561  8001561       de     1                 ETH_SetMACConfig
 8001640  8001640        8     4         cmake/stm32cubemx/CMakeFiles/STM32_Drivers.dir/__/__/Drivers/STM32F4xx_HAL_Driver/Src/stm32f4xx_hal_eth.c.obj:(.text.HAL_ETH_GetError)
 8001640  8001640        0     1                 $t
 8001641  8001641        8     1                 HAL_ETH_GetError
 8001648  8001648        8     4         cmake/stm32cubemx/CMakeFiles/STM32_Drivers.dir/__/__/Drivers/STM32F4xx_HAL_Driver/Src/stm32f4xx_hal_eth.c.obj:(.text.HAL_ETH_GetDMAError)
 8001648  8001648        0     1                 $t
 8001649  8001649        8     1                 HAL_ETH_GetDMAError
 8001650  8001650       5c     4         cmake/stm32cubemx/CMakeFiles/STM32_Drivers.dir/__/__/Drivers/STM32F4xx_HAL_Driver/Src/stm32f4xx_hal_iwdg.c.obj:(.text.HAL_IWDG_Init)
 8001650  8001650        0     1                 $t
 8001651  8001651       5c     1                 HAL_IWDG_Init
 80016ac  80016ac       16     4         cmake/stm32cubemx/CMakeFiles/FreeRTOS.dir/__/__/Middlewares/Third_Party/FreeRTOS/Source/list.c.obj:(.text.vListInitialise)
 80016ac  80016ac        0     1                 $t
 80016ad  80016ad       16     1                 vListInitialise
 80016c4  80016c4        6     4         cmake/stm32cubemx/CMakeFiles/FreeRTOS.dir/__/__/Middlewares/Third_Party/FreeRTOS/Source/list.c.obj:(.text.vListInitialiseItem)
 80016c4  80016c4        0     1                 $t
 80016c5  80016c5        6     1                 vListInitialiseItem
 80016cc  80016cc       1c     4         cmake/stm32cubemx/CMakeFiles/FreeRTOS.dir/__/__/Middlewares/Third_Party/FreeRTOS/Source/list.c.obj:(.text.vListInsertEnd)
 80016cc  80016cc        0     1                 $t
 80016cd  80016cd       1c     1                 vListInsertEnd
 80016e8  80016e8       3a     4         cmake/stm32cubemx/CMakeFiles/FreeRTOS.dir/__/__/Middlewares/Third_Party/FreeRTOS/Source/list.c.obj:(.text.vListInsert)
 80016e8  80016e8        0     1                 $t
 80016e9  80016e9       3a     1                 vListInsert
 8001724  8001724       26     4         cmake/stm32cubemx/CMakeFiles/FreeRTOS.dir/__/__/Middlewares/Third_Party/FreeRTOS/Source/list.c.obj:(.text.uxListRemove)
 8001724  8001724        0     1                 $t
 8001725  8001725       26     1                 uxListRemove
 800174c  800174c       ea     4         cmake/stm32cubemx/CMakeFiles/FreeRTOS.dir/__/__/Middlewares/Third_Party/FreeRTOS/Source/queue.c.obj:(.text.xQueueGenericCreateStatic)
 800174c  800174c        0     1                 $t
 800174d  800174d       ea     1                 xQueueGenericCreateStatic
 8001838  8001838       96     4         cmake/stm32cubemx/CMakeFiles/FreeRTOS.dir/__/__/Middlewares/Third_Party/FreeRTOS/Source/queue.c.obj:(.text.xQueueGenericCreate)
 8001838  8001838        0     1                 $t
 8001839  8001839       96     1                 xQueueGenericCreate
 80018d0  80018d0       2e     4         cmake/stm32cubemx/CMakeFiles/FreeRTOS.dir/__/__/Middlewares/Third_Party/FreeRTOS/Source/queue.c.obj:(.text.xQueueCreateMutex)
 80018d0  80018d0        0     1                 $t
 80018d1  80018d1       2e     1                 xQueueCreateMutex
 8001900  8001900       34     4         cmake/stm32cubemx/CMakeFiles/FreeRTOS.dir/__/__/Middlewares/Third_Party/FreeRTOS/Source/queue.c.obj:(.text.xQueueCreateMutexStatic)
 8001900  8001900        0     1                 $t
 8001901  8001901       34     1                 xQueueCreateMutexStatic
 8001934  8001934       42     4         cmake/stm32cubemx/CMakeFiles/FreeRTOS.dir/__/__/Middlewares/Third_Party/FreeRTOS/Source/queue.c.obj:(.text.xQueueGiveMutexRecursive)
 8001934  8001934        0     1                 $t
 8001935  8001935       42     1                 xQueueGiveMutexRecursive
 8001978  8001978      226     4         cmake/stm32cubemx/CMakeFiles/FreeRTOS.dir/__/__/Middlewares/Third_Party/FreeRTOS/Source/queue.c.obj:(.text.xQueueGenericSend)
 8001978  8001978        0     1                 $t
 8001979  8001979      226     1                 xQueueGenericSend
 8001ba0  8001ba0       3c     4         cmake/stm32cubemx/CMakeFiles/FreeRTOS.dir/__/__/Middlewares/Third_Party/FreeRTOS/Source/queue.c.obj:(.text.xQueueTakeMutexRecursive)
 8001ba0  8001ba0        0     1                 $t
 8001ba1  8001ba1       3c     1                 xQueueTakeMutexRecursive
 8001bdc  8001bdc      1e2     4         cmake/stm32cubemx/CMakeFiles/FreeRTOS.dir/__/__/Middlewares/Third_Party/FreeRTOS/Source/queue.c.obj:(.text.xQueueSemaphoreTake)
 8001bdc  8001bdc        0     1                 $t
 8001bdd  8001bdd      1e2     1                 xQueueSemaphoreTake
 8001dc0  8001dc0       58     4         cmake/stm32cubemx/CMakeFiles/FreeRTOS.dir/__/__/Middlewares/Third_Party/FreeRTOS/Source/queue.c.obj:(.text.xQueueCreateCountingSemaphoreStatic)
 8001dc0  8001dc0        0     1                 $t
 8001dc1  8001dc1       58     1                 xQueueCreateCountingSemaphoreStatic
 8001e18  8001e18       46     4         cmake/stm32cubemx/CMakeFiles/FreeRTOS.dir/__/__/Middlewares/Third_Party/FreeRTOS/Source/queue.c.obj:(.text.xQueueCreateCountingSemaphore)
 8001e18  8001e18        0     1                 $t
 8001e19  8001e19       46     1                 xQueueCreateCountingSemaphore
 8001e60  8001e60       7a     4         cmake/stm32cubemx/CMakeFiles/FreeRTOS.dir/__/__/Middlewares/Third_Party/FreeRTOS/Source/queue.c.obj:(.text.prvUnlockQueue)
 8001e60  8001e60        0     1                 $t
 8001e61  8001e61       7a     1                 prvUnlockQueue
 8001edc  8001edc      12a     4         cmake/stm32cubemx/CMakeFiles/FreeRTOS.dir/__/__/Middlewares/Third_Party/FreeRTOS/Source/queue.c.obj:(.text.xQueueGenericSendFromISR)
 8001edc  8001edc        0     1                 $t
 8001edd  8001edd      12a     1                 xQueueGenericSendFromISR
 8002008  8002008       bc     4         cmake/stm32cubemx/CMakeFiles/FreeRTOS.dir/__/__/Middlewares/Third_Party/FreeRTOS/Source/queue.c.obj:(.text.xQueueGiveFromISR)
 8002008  8002008        0     1                 $t
 8002009  8002009       bc     1                 xQueueGiveFromISR
 80020c4  80020c4      1ae     4         cmake/stm32cubemx/CMakeFiles/FreeRTOS.dir/__/__/Middlewares/Third_Party/FreeRTOS/Source/queue.c.obj:(.text.xQueueReceive)
 80020c4  80020c4        0     1                 $t
 80020c5  80020c5      1ae     1                 xQueueReceive
 8002274  8002274       ba     4         cmake/stm32cubemx/CMakeFiles/FreeRTOS.dir/__/__/Middlewares/Third_Party/FreeRTOS/Source/queue.c.obj:(.text.xQueueReceiveFromISR)
 8002274  8002274        0     1                 $t
 8002275  8002275       ba     1                 xQueueReceiveFromISR
 8002330  8002330       48     4         cmake/stm32cubemx/CMakeFiles/FreeRTOS.dir/__/__/Middlewares/Third_Party/FreeRTOS/Source/queue.c.obj:(.text.vQueueDelete)
 8002330  8002330        0     1                 $t
 8002331  8002331       48     1                 vQueueDelete
 8002378  8002378       28     4         cmake/stm32cubemx/CMakeFiles/FreeRTOS.dir/__/__/Middlewares/Third_Party/FreeRTOS/Source/queue.c.obj:(.text.vQueueAddToRegistry)
 8002378  8002378        0     1                 $t
 8002379  8002379       28     1                 vQueueAddToRegistry
 80023a0  80023a0       46     4         cmake/stm32cubemx/CMakeFiles/FreeRTOS.dir/__/__/Middlewares/Third_Party/FreeRTOS/Source/queue.c.obj:(.text.vQueueWaitForMessageRestricted)
 80023a0  80023a0        0     1                 $t
 80023a1  80023a1       46     1                 vQueueWaitForMessageRestricted
 80023e8  80023e8       82     4         cmake/stm32cubemx/CMakeFiles/FreeRTOS.dir/__/__/Middlewares/Third_Party/FreeRTOS/Source/tasks.c.obj:(.text.xTaskCreateStatic)
 80023e8  80023e8        0     1                 $t
 80023e9  80023e9       82     1                 xTaskCreateStatic
 800246c  800246c       a8     4         cmake/stm32cubemx/CMakeFiles/FreeRTOS.dir/__/__/Middlewares/Third_Party/FreeRTOS/Source/tasks.c.obj:(.text.prvInitialiseNewTask)
 800246c  800246c        0     1                 $t
 800246d  800246d       a8     1                 prvInitialiseNewTask
 8002514  8002514      11c     4         cmake/stm32cubemx/CMakeFiles/FreeRTOS.dir/__/__/Middlewares/Third_Party/FreeRTOS/Source/tasks.c.obj:(.text.prvAddNewTaskToReadyList)
 8002514  8002514        0     1                 $t
 8002515  8002515      11c     1                 prvAddNewTaskToReadyList
 8002630  8002630       64     4         cmake/stm32cubemx/CMakeFiles/FreeRTOS.dir/__/__/Middlewares/Third_Party/FreeRTOS/Source/tasks.c.obj:(.text.xTaskCreate)
 8002630  8002630        0     1                 $t
 8002631  8002631       64     1                 xTaskCreate
 8002694  8002694       10     4         cmake/stm32cubemx/CMakeFiles/FreeRTOS.dir/__/__/Middlewares/Third_Party/FreeRTOS/Source/tasks.c.obj:(.text.vTaskSuspendAll)
 8002694  8002694        0     1                 $t
 8002695  8002695       10     1                 vTaskSuspendAll
 80026a4  80026a4       84     4         cmake/stm32cubemx/CMakeFiles/FreeRTOS.dir/__/__/Middlewares/Third_Party/FreeRTOS/Source/tasks.c.obj:(.text.prvAddCurrentTaskToDelayedList)
 80026a4  80026a4        0     1                 $t
 80026a5  80026a5       84     1                 prvAddCurrentTaskToDelayedList
 8002728  8002728      13a     4         cmake/stm32cubemx/CMakeFiles/FreeRTOS.dir/__/__/Middlewares/Third_Party/FreeRTOS/Source/tasks.c.obj:(.text.xTaskResumeAll)
 8002728  8002728        0     1                 $t
 8002729  8002729      13a     1                 xTaskResumeAll
 8002864  8002864       aa     4         cmake/stm32cubemx/CMakeFiles/FreeRTOS.dir/__/__/Middlewares/Third_Party/FreeRTOS/Source/tasks.c.obj:(.text.vTaskDelay)
 8002864  8002864        0     1                 $t
 8002865  8002865       aa     1                 vTaskDelay
 8002910  8002910       92     4         cmake/stm32cubemx/CMakeFiles/FreeRTOS.dir/__/__/Middlewares/Third_Party/FreeRTOS/Source/tasks.c.obj:(.text.vTaskSwitchContext)
 8002910  8002910        0     1                 $t
 8002911  8002911       92     1                 vTaskSwitchContext
 80029a4  80029a4      156     4         cmake/stm32cubemx/CMakeFiles/FreeRTOS.dir/__/__/Middlewares/Third_Party/FreeRTOS/Source/tasks.c.obj:(.text.vTaskStartScheduler)
 80029a4  80029a4        0     1                 $t
 80029a5  80029a5      156     1                 vTaskStartScheduler
 8002afc  8002afc       96     4         cmake/stm32cubemx/CMakeFiles/FreeRTOS.dir/__/__/Middlewares/Third_Party/FreeRTOS/Source/tasks.c.obj:(.text.prvIdleTask)
 8002afc  8002afc        0     1                 $t
 8002afd  8002afd       96     1                 prvIdleTask
 8002b94  8002b94      17a     4         cmake/stm32cubemx/CMakeFiles/FreeRTOS.dir/__/__/Middlewares/Third_Party/FreeRTOS/Source/tasks.c.obj:(.text.xTaskIncrementTick)
 8002b94  8002b94        0     1                 $t
 8002b95  8002b95      17a     1                 xTaskIncrementTick
 8002d10  8002d10        c     4         cmake/stm32cubemx/CMakeFiles/FreeRTOS.dir/__/__/Middlewares/Third_Party/FreeRTOS/Source/tasks.c.obj:(.text.xTaskGetTickCount)
 8002d10  8002d10        0     1                 $t
 8002d11  8002d11        c     1                 xTaskGetTickCount
 8002d1c  8002d1c       14     4         cmake/stm32cubemx/CMakeFiles/FreeRTOS.dir/__/__/Middlewares/Third_Party/FreeRTOS/Source/tasks.c.obj:(.text.xTaskGetTickCountFromISR)
 8002d1c  8002d1c        0     1                 $t
 8002d1d  8002d1d       14     1                 xTaskGetTickCountFromISR
 8002d30  8002d30       36     4         cmake/stm32cubemx/CMakeFiles/FreeRTOS.dir/__/__/Middlewares/Third_Party/FreeRTOS/Source/tasks.c.obj:(.text.vTaskPlaceOnEventList)
 8002d30  8002d30        0     1                 $t
 8002d31  8002d31       36     1                 vTaskPlaceOnEventList
 8002d68  8002d68       42     4         cmake/stm32cubemx/CMakeFiles/FreeRTOS.dir/__/__/Middlewares/Third_Party/FreeRTOS/Source/tasks.c.obj:(.text.vTaskPlaceOnEventListRestricted)
 8002d68  8002d68        0     1                 $t
 8002d69  8002d69       42     1                 vTaskPlaceOnEventListRestricted
 8002dac  8002dac       92     4         cmake/stm32cubemx/CMakeFiles/FreeRTOS.dir/__/__/Middlewares/Third_Party/FreeRTOS/Source/tasks.c.obj:(.text.xTaskRemoveFromEventList)
 8002dac  8002dac        0     1                 $t
 8002dad  8002dad       92     1                 xTaskRemoveFromEventList
 8002e40  8002e40       1a     4         cmake/stm32cubemx/CMakeFiles/FreeRTOS.dir/__/__/Middlewares/Third_Party/FreeRTOS/Source/tasks.c.obj:(.text.vTaskInternalSetTimeOutState)
 8002e40  8002e40        0     1                 $t
 8002e41  8002e41       1a     1                 vTaskInternalSetTimeOutState
 8002e5c  8002e5c       92     4         cmake/stm32cubemx/CMakeFiles/FreeRTOS.dir/__/__/Middlewares/Third_Party/FreeRTOS/Source/tasks.c.obj:(.text.xTaskCheckForTimeOut)
 8002e5c  8002e5c        0     1                 $t
 8002e5d  8002e5d       92     1                 xTaskCheckForTimeOut
 8002ef0  8002ef0        e     4         cmake/stm32cubemx/CMakeFiles/FreeRTOS.dir/__/__/Middlewares/Third_Party/FreeRTOS/Source/tasks.c.obj:(.text.vTaskMissedYield)
 8002ef0  8002ef0        0     1                 $t
 8002ef1  8002ef1        e     1                 vTaskMissedYield
 8002f00  8002f00        c     4         cmake/stm32cubemx/CMakeFiles/FreeRTOS.dir/__/__/Middlewares/Third_Party/FreeRTOS/Source/tasks.c.obj:(.text.xTaskGetCurrentTaskHandle)
 8002f00  8002f00        0     1                 $t
 8002f01  8002f01        c     1                 xTaskGetCurrentTaskHandle
 8002f0c  8002f0c       26     4         cmake/stm32cubemx/CMakeFiles/FreeRTOS.dir/__/__/Middlewares/Third_Party/FreeRTOS/Source/tasks.c.obj:(.text.xTaskGetSchedulerState)
 8002f0c  8002f0c        0     1                 $t
 8002f0d  8002f0d       26     1                 xTaskGetSchedulerState
 8002f34  8002f34       9e     4         cmake/stm32cubemx/CMakeFiles/FreeRTOS.dir/__/__/Middlewares/Third_Party/FreeRTOS/Source/tasks.c.obj:(.text.xTaskPriorityInherit)
 8002f34  8002f34        0     1                 $t
 8002f35  8002f35       9e     1                 xTaskPriorityInherit
 8002fd4  8002fd4       9a     4         cmake/stm32cubemx/CMakeFiles/FreeRTOS.dir/__/__/Middlewares/Third_Party/FreeRTOS/Source/tasks.c.obj:(.text.xTaskPriorityDisinherit)
 8002fd4  8002fd4        0     1                 $t
 8002fd5  8002fd5       9a     1                 xTaskPriorityDisinherit
 8003070  8003070       a8     4         cmake/stm32cubemx/CMakeFiles/FreeRTOS.dir/__/__/Middlewares/Third_Party/FreeRTOS/Source/tasks.c.obj:(.text.vTaskPriorityDisinheritAfterTimeout)
 8003070  8003070        0     1                 $t
 8003071  8003071       a8     1                 vTaskPriorityDisinheritAfterTimeout
 8003118  8003118       18     4         cmake/stm32cubemx/CMakeFiles/FreeRTOS.dir/__/__/Middlewares/Third_Party/FreeRTOS/Source/tasks.c.obj:(.text.pvTaskIncrementMutexHeldCount)
 8003118  8003118        0     1                 $t
 8003119  8003119       18     1                 pvTaskIncrementMutexHeldCount
 8003130  8003130       76     4         cmake/stm32cubemx/CMakeFiles/FreeRTOS.dir/__/__/Middlewares/Third_Party/FreeRTOS/Source/timers.c.obj:(.text.xTimerCreateTimerTask)
 8003130  8003130        0     1                 $t
 8003131  8003131       76     1                 xTimerCreateTimerTask
 80031a8  80031a8       7a     4         cmake/stm32cubemx/CMakeFiles/FreeRTOS.dir/__/__/Middlewares/Third_Party/FreeRTOS/Source/timers.c.obj:(.text.prvCheckForValidListAndQueue)
 80031a8  80031a8        0     1                 $t
 80031a9  80031a9       7a     1                 prvCheckForValidListAndQueue
 8003224  8003224      29e     4         cmake/stm32cubemx/CMakeFiles/FreeRTOS.dir/__/__/Middlewares/Third_Party/FreeRTOS/Source/timers.c.obj:(.text.prvTimerTask)
 8003224  8003224        0     1                 $t
 8003225  8003225      29e     1                 prvTimerTask
 80033a2  80033a2        0     1                 $d
 80033ac  80033ac        0     1                 $t
 80034c4  80034c4       e2     4         cmake/stm32cubemx/CMakeFiles/FreeRTOS.dir/__/__/Middlewares/Third_Party/FreeRTOS/Source/timers.c.obj:(.text.prvSampleTimeNow)
 80034c4  80034c4        0     1                 $t
 80034c5  80034c5       e2     1                 prvSampleTimeNow
 80035a8  80035a8       1e     4         cmake/stm32cubemx/CMakeFiles/FreeRTOS.dir/__/__/Middlewares/Third_Party/FreeRTOS/Source/CMSIS_RTOS_V2/cmsis_os2.c.obj:(.text.SysTick_Handler)
 80035a8  80035a8        0     1                 $t
 80035a9  80035a9       1e     1                 SysTick_Handler
 80035c8  80035c8       26     4         cmake/stm32cubemx/CMakeFiles/FreeRTOS.dir/__/__/Middlewares/Third_Party/FreeRTOS/Source/CMSIS_RTOS_V2/cmsis_os2.c.obj:(.text.osKernelInitialize)
 80035c8  80035c8        0     1                 $t
 80035c9  80035c9       26     1                 osKernelInitialize
 80035f0  80035f0       3e     4         cmake/stm32cubemx/CMakeFiles/FreeRTOS.dir/__/__/Middlewares/Third_Party/FreeRTOS/Source/CMSIS_RTOS_V2/cmsis_os2.c.obj:(.text.osKernelStart)
 80035f0  80035f0        0     1                 $t
 80035f1  80035f1       3e     1                 osKernelStart
 8003630  8003630       10     4         cmake/stm32cubemx/CMakeFiles/FreeRTOS.dir/__/__/Middlewares/Third_Party/FreeRTOS/Source/CMSIS_RTOS_V2/cmsis_os2.c.obj:(.text.osKernelGetTickCount)
 8003630  8003630        0     1                 $t
 8003631  8003631       10     1                 osKernelGetTickCount
 8003640  8003640       e0     4         cmake/stm32cubemx/CMakeFiles/FreeRTOS.dir/__/__/Middlewares/Third_Party/FreeRTOS/Source/CMSIS_RTOS_V2/cmsis_os2.c.obj:(.text.osThreadNew)
 8003640  8003640        0     1                 $t
 8003641  8003641       e0     1                 osThreadNew
 8003720  8003720       2a     4         cmake/stm32cubemx/CMakeFiles/FreeRTOS.dir/__/__/Middlewares/Third_Party/FreeRTOS/Source/CMSIS_RTOS_V2/cmsis_os2.c.obj:(.text.osDelay)
 8003720  8003720        0     1                 $t
 8003721  8003721       2a     1                 osDelay
 800374c  800374c       c4     4         cmake/stm32cubemx/CMakeFiles/FreeRTOS.dir/__/__/Middlewares/Third_Party/FreeRTOS/Source/CMSIS_RTOS_V2/cmsis_os2.c.obj:(.text.osMutexNew)
 800374c  800374c        0     1                 $t
 800374d  800374d       c4     1                 osMutexNew
 8003810  8003810       5c     4         cmake/stm32cubemx/CMakeFiles/FreeRTOS.dir/__/__/Middlewares/Third_Party/FreeRTOS/Source/CMSIS_RTOS_V2/cmsis_os2.c.obj:(.text.osMutexAcquire)
 8003810  8003810        0     1                 $t
 8003811  8003811       5c     1                 osMutexAcquire
 800386c  800386c       46     4         cmake/stm32cubemx/CMakeFiles/FreeRTOS.dir/__/__/Middlewares/Third_Party/FreeRTOS/Source/CMSIS_RTOS_V2/cmsis_os2.c.obj:(.text.osMutexRelease)
 800386c  800386c        0     1                 $t
 800386d  800386d       46     1                 osMutexRelease
 80038b4  80038b4       f8     4         cmake/stm32cubemx/CMakeFiles/FreeRTOS.dir/__/__/Middlewares/Third_Party/FreeRTOS/Source/CMSIS_RTOS_V2/cmsis_os2.c.obj:(.text.osSemaphoreNew)
 80038b4  80038b4        0     1                 $t
 80038b5  80038b5       f8     1                 osSemaphoreNew
 80039ac  80039ac       6c     4         cmake/stm32cubemx/CMakeFiles/FreeRTOS.dir/__/__/Middlewares/Third_Party/FreeRTOS/Source/CMSIS_RTOS_V2/cmsis_os2.c.obj:(.text.osSemaphoreAcquire)
 80039ac  80039ac        0     1                 $t
 80039ad  80039ad       6c     1                 osSemaphoreAcquire
 8003a18  8003a18       62     4         cmake/stm32cubemx/CMakeFiles/FreeRTOS.dir/__/__/Middlewares/Third_Party/FreeRTOS/Source/CMSIS_RTOS_V2/cmsis_os2.c.obj:(.text.osSemaphoreRelease)
 8003a18  8003a18        0     1                 $t
 8003a19  8003a19       62     1                 osSemaphoreRelease
 8003a7c  8003a7c       d6     4         cmake/stm32cubemx/CMakeFiles/FreeRTOS.dir/__/__/Middlewares/Third_Party/FreeRTOS/Source/CMSIS_RTOS_V2/cmsis_os2.c.obj:(.text.osMessageQueueNew)
 8003a7c  8003a7c        0     1                 $t
 8003a7d  8003a7d       d6     1                 osMessageQueueNew
 8003b54  8003b54       9e     4         cmake/stm32cubemx/CMakeFiles/FreeRTOS.dir/__/__/Middlewares/Third_Party/FreeRTOS/Source/CMSIS_RTOS_V2/cmsis_os2.c.obj:(.text.osMessageQueuePut)
 8003b54  8003b54        0     1                 $t
 8003b55  8003b55       9e     1                 osMessageQueuePut
 8003bf4  8003bf4       90     4         cmake/stm32cubemx/CMakeFiles/FreeRTOS.dir/__/__/Middlewares/Third_Party/FreeRTOS/Source/CMSIS_RTOS_V2/cmsis_os2.c.obj:(.text.osMessageQueueGet)
 8003bf4  8003bf4        0     1                 $t
 8003bf5  8003bf5       90     1                 osMessageQueueGet
 8003c84  8003c84       1a     4         cmake/stm32cubemx/CMakeFiles/FreeRTOS.dir/__/__/Middlewares/Third_Party/FreeRTOS/Source/CMSIS_RTOS_V2/cmsis_os2.c.obj:(.text.vApplicationGetIdleTaskMemory)
 8003c84  8003c84        0     1                 $t
 8003c85  8003c85       1a     1                 vApplicationGetIdleTaskMemory
 8003ca0  8003ca0       1c     4         cmake/stm32cubemx/CMakeFiles/FreeRTOS.dir/__/__/Middlewares/Third_Party/FreeRTOS/Source/CMSIS_RTOS_V2/cmsis_os2.c.obj:(.text.vApplicationGetTimerTaskMemory)
 8003ca0  8003ca0        0     1                 $t
 8003ca1  8003ca1       1c     1                 vApplicationGetTimerTaskMemory
 8003cbc  8003cbc      178     4         cmake/stm32cubemx/CMakeFiles/FreeRTOS.dir/__/__/Middlewares/Third_Party/FreeRTOS/Source/portable/MemMang/heap_4.c.obj:(.text.pvPortMalloc)
 8003cbc  8003cbc        0     1                 $t
 8003cbd  8003cbd      178     1                 pvPortMalloc
 8003e34  8003e34       54     4         cmake/stm32cubemx/CMakeFiles/FreeRTOS.dir/__/__/Middlewares/Third_Party/FreeRTOS/Source/portable/MemMang/heap_4.c.obj:(.text.prvInsertBlockIntoFreeList)
 8003e34  8003e34        0     1                 $t
 8003e35  8003e35       54     1                 prvInsertBlockIntoFreeList
 8003e88  8003e88       d6     4         cmake/stm32cubemx/CMakeFiles/FreeRTOS.dir/__/__/Middlewares/Third_Party/FreeRTOS/Source/portable/MemMang/heap_4.c.obj:(.text.vPortFree)
 8003e88  8003e88        0     1                 $t
 8003e89  8003e89       d6     1                 vPortFree
 8003f60  8003f60       26     4         cmake/stm32cubemx/CMakeFiles/FreeRTOS.dir/__/__/Middlewares/Third_Party/FreeRTOS/Source/portable/GCC/ARM_CM4F/port.c.obj:(.text.pxPortInitialiseStack)
 8003f60  8003f60        0     1                 $t
 8003f61  8003f61       26     1                 pxPortInitialiseStack
 8003f88  8003f88       32     4         cmake/stm32cubemx/CMakeFiles/FreeRTOS.dir/__/__/Middlewares/Third_Party/FreeRTOS/Source/portable/GCC/ARM_CM4F/port.c.obj:(.text.prvTaskExitError)
 8003f88  8003f88        0     1                 $t
 8003f89  8003f89       32     1                 prvTaskExitError
 8003fc0  8003fc0       24    16         cmake/stm32cubemx/CMakeFiles/FreeRTOS.dir/__/__/Middlewares/Third_Party/FreeRTOS/Source/portable/GCC/ARM_CM4F/port.c.obj:(.text.SVC_Handler)
 8003fc0  8003fc0        0     1                 $t
 8003fc1  8003fc1       24     1                 SVC_Handler
 8003fe0  8003fe0        0     1                 pxCurrentTCBConst2
 8003fe0  8003fe0        0     1                 $d
 8003fe4  8003fe4      12e     4         cmake/stm32cubemx/CMakeFiles/FreeRTOS.dir/__/__/Middlewares/Third_Party/FreeRTOS/Source/portable/GCC/ARM_CM4F/port.c.obj:(.text.xPortStartScheduler)
 8003fe4  8003fe4        0     1                 $t
 8003fe5  8003fe5      12e     1                 xPortStartScheduler
 8004114  8004114       34     4         cmake/stm32cubemx/CMakeFiles/FreeRTOS.dir/__/__/Middlewares/Third_Party/FreeRTOS/Source/portable/GCC/ARM_CM4F/port.c.obj:(.text.vPortSetupTimerInterrupt)
 8004114  8004114        0     1                 $t
 8004115  8004115       34     1                 vPortSetupTimerInterrupt
 8004148  8004148       14     4         cmake/stm32cubemx/CMakeFiles/FreeRTOS.dir/__/__/Middlewares/Third_Party/FreeRTOS/Source/portable/GCC/ARM_CM4F/port.c.obj:(.text.vPortEnableVFP)
 8004148  8004148        0     1                 $t
 8004149  8004149        e     1                 vPortEnableVFP
 8004158  8004158        0     1                 $d
 800415c  800415c       28     4         cmake/stm32cubemx/CMakeFiles/FreeRTOS.dir/__/__/Middlewares/Third_Party/FreeRTOS/Source/portable/GCC/ARM_CM4F/port.c.obj:(.text.prvPortStartFirstTask)
 800415c  800415c        0     1                 $t
 800415d  800415d       22     1                 prvPortStartFirstTask
 8004180  8004180        0     1                 $d
 8004184  8004184       46     4         cmake/stm32cubemx/CMakeFiles/FreeRTOS.dir/__/__/Middlewares/Third_Party/FreeRTOS/Source/portable/GCC/ARM_CM4F/port.c.obj:(.text.vPortEnterCritical)
 8004184  8004184        0     1                 $t
 8004185  8004185       46     1                 vPortEnterCritical
 80041cc  80041cc       2e     4         cmake/stm32cubemx/CMakeFiles/FreeRTOS.dir/__/__/Middlewares/Third_Party/FreeRTOS/Source/portable/GCC/ARM_CM4F/port.c.obj:(.text.vPortExitCritical)
 80041cc  80041cc        0     1                 $t
 80041cd  80041cd       2e     1                 vPortExitCritical
 8004200  8004200       64    16         cmake/stm32cubemx/CMakeFiles/FreeRTOS.dir/__/__/Middlewares/Third_Party/FreeRTOS/Source/portable/GCC/ARM_CM4F/port.c.obj:(.text.PendSV_Handler)
 8004200  8004200        0     1                 $t
 8004201  8004201       64     1                 PendSV_Handler
 8004260  8004260        0     1                 pxCurrentTCBConst
 8004260  8004260        0     1                 $d
 8004264  8004264       2e     4         cmake/stm32cubemx/CMakeFiles/FreeRTOS.dir/__/__/Middlewares/Third_Party/FreeRTOS/Source/portable/GCC/ARM_CM4F/port.c.obj:(.text.xPortSysTickHandler)
 8004264  8004264        0     1                 $t
 8004265  8004265       2e     1                 xPortSysTickHandler
 8004294  8004294       64     4         cmake/stm32cubemx/CMakeFiles/FreeRTOS.dir/__/__/Middlewares/Third_Party/FreeRTOS/Source/portable/GCC/ARM_CM4F/port.c.obj:(.text.vPortValidateInterruptPriority)
 8004294  8004294        0     1                 $t
 8004295  8004295       64     1                 vPortValidateInterruptPriority
 80042f8  80042f8       a2     4         cmake/stm32cubemx/CMakeFiles/LwIP.dir/__/__/Middlewares/Third_Party/LwIP/src/netif/ethernet.c.obj:(.text.ethernet_input)
 80042f8  80042f8        0     1                 $t
 80042f9  80042f9       a2     1                 ethernet_input
 800439c  800439c       7e     4         cmake/stm32cubemx/CMakeFiles/LwIP.dir/__/__/Middlewares/Third_Party/LwIP/src/netif/ethernet.c.obj:(.text.ethernet_output)
 800439c  800439c        0     1                 $t
 800439d  800439d       7e     1                 ethernet_output
 800441c  800441c       6a     4         cmake/stm32cubemx/CMakeFiles/LwIP.dir/__/__/Middlewares/Third_Party/LwIP/src/api/tcpip.c.obj:(.text.tcpip_inpkt)
 800441c  800441c        0     1                 $t
 800441d  800441d       6a     1                 tcpip_inpkt
 8004488  8004488       20     4         cmake/stm32cubemx/CMakeFiles/LwIP.dir/__/__/Middlewares/Third_Party/LwIP/src/api/tcpip.c.obj:(.text.tcpip_input)
 8004488  8004488        0     1                 $t
 8004489  8004489       20     1                 tcpip_input
 80044a8  80044a8       6a     4         cmake/stm32cubemx/CMakeFiles/LwIP.dir/__/__/Middlewares/Third_Party/LwIP/src/api/tcpip.c.obj:(.text.tcpip_try_callback)
 80044a8  80044a8        0     1                 $t
 80044a9  80044a9       6a     1                 tcpip_try_callback
 8004514  8004514       a0     4         cmake/stm32cubemx/CMakeFiles/LwIP.dir/__/__/Middlewares/Third_Party/LwIP/src/api/tcpip.c.obj:(.text.tcpip_init)
 8004514  8004514        0     1                 $t
 8004515  8004515       a0     1                 tcpip_init
 80045b4  80045b4       ea     4         cmake/stm32cubemx/CMakeFiles/LwIP.dir/__/__/Middlewares/Third_Party/LwIP/src/api/tcpip.c.obj:(.text.tcpip_thread)
 80045b4  80045b4        0     1                 $t
 80045b5  80045b5       ea     1                 tcpip_thread
 80046a0  80046a0        4     4         cmake/stm32cubemx/CMakeFiles/LwIP.dir/__/__/Middlewares/Third_Party/LwIP/src/core/def.c.obj:(.text.lwip_htons)
 80046a0  80046a0        0     1                 $t
 80046a1  80046a1        4     1                 lwip_htons
 80046a4  80046a4        4     4         cmake/stm32cubemx/CMakeFiles/LwIP.dir/__/__/Middlewares/Third_Party/LwIP/src/core/def.c.obj:(.text.lwip_htonl)
 80046a4  80046a4        0     1                 $t
 80046a5  80046a5        4     1                 lwip_htonl
 80046a8  80046a8       24     4         cmake/stm32cubemx/CMakeFiles/LwIP.dir/__/__/Middlewares/Third_Party/LwIP/src/core/init.c.obj:(.text.lwip_init)
 80046a8  80046a8        0     1                 $t
 80046a9  80046a9       24     1                 lwip_init
 80046cc  80046cc       7e     4         cmake/stm32cubemx/CMakeFiles/LwIP.dir/__/__/Middlewares/Third_Party/LwIP/src/core/mem.c.obj:(.text.mem_init)
 80046cc  80046cc        0     1                 $t
 80046cd  80046cd       7e     1                 mem_init
 800474c  800474c      24a     4         cmake/stm32cubemx/CMakeFiles/LwIP.dir/__/__/Middlewares/Third_Party/LwIP/src/core/mem.c.obj:(.text.mem_free)
 800474c  800474c        0     1                 $t
 800474d  800474d      24a     1                 mem_free
 8004998  8004998      1fe     4         cmake/stm32cubemx/CMakeFiles/LwIP.dir/__/__/Middlewares/Third_Party/LwIP/src/core/mem.c.obj:(.text.mem_trim)
 8004998  8004998        0     1                 $t
 8004999  8004999      1fe     1                 mem_trim
 8004b98  8004b98      1ea     4         cmake/stm32cubemx/CMakeFiles/LwIP.dir/__/__/Middlewares/Third_Party/LwIP/src/core/mem.c.obj:(.text.mem_malloc)
 8004b98  8004b98        0     1                 $t
 8004b99  8004b99      1ea     1                 mem_malloc
 8004d84  8004d84       38     4         cmake/stm32cubemx/CMakeFiles/LwIP.dir/__/__/Middlewares/Third_Party/LwIP/src/core/memp.c.obj:(.text.memp_init_pool)
 8004d84  8004d84        0     1                 $t
 8004d85  8004d85       38     1                 memp_init_pool
 8004dbc  8004dbc       46     4         cmake/stm32cubemx/CMakeFiles/LwIP.dir/__/__/Middlewares/Third_Party/LwIP/src/core/memp.c.obj:(.text.memp_init)
 8004dbc  8004dbc        0     1                 $t
 8004dbd  8004dbd       46     1                 memp_init
 8004e04  8004e04       72     4         cmake/stm32cubemx/CMakeFiles/LwIP.dir/__/__/Middlewares/Third_Party/LwIP/src/core/memp.c.obj:(.text.memp_malloc_pool)
 8004e04  8004e04        0     1                 $t
 8004e05  8004e05       72     1                 memp_malloc_pool
 8004e78  8004e78       80     4         cmake/stm32cubemx/CMakeFiles/LwIP.dir/__/__/Middlewares/Third_Party/LwIP/src/core/memp.c.obj:(.text.memp_malloc)
 8004e78  8004e78        0     1                 $t
 8004e79  8004e79       80     1                 memp_malloc
 8004ef8  8004ef8       6a     4         cmake/stm32cubemx/CMakeFiles/LwIP.dir/__/__/Middlewares/Third_Party/LwIP/src/core/memp.c.obj:(.text.memp_free_pool)
 8004ef8  8004ef8        0     1                 $t
 8004ef9  8004ef9       6a     1                 memp_free_pool
 8004f64  8004f64       70     4         cmake/stm32cubemx/CMakeFiles/LwIP.dir/__/__/Middlewares/Third_Party/LwIP/src/core/memp.c.obj:(.text.memp_free)
 8004f64  8004f64        0     1                 $t
 8004f65  8004f65       70     1                 memp_free
 8004fd4  8004fd4        2     4         cmake/stm32cubemx/CMakeFiles/LwIP.dir/__/__/Middlewares/Third_Party/LwIP/src/core/netif.c.obj:(.text.netif_init)
 8004fd4  8004fd4        0     1                 $t
 8004fd5  8004fd5        2     1                 netif_init
 8004fd8  8004fd8      20a     4         cmake/stm32cubemx/CMakeFiles/LwIP.dir/__/__/Middlewares/Third_Party/LwIP/src/core/netif.c.obj:(.text.netif_add)
 8004fd8  8004fd8        0     1                 $t
 8004fd9  8004fd9      20a     1                 netif_add
 80051e4  80051e4        6     4         cmake/stm32cubemx/CMakeFiles/LwIP.dir/__/__/Middlewares/Third_Party/LwIP/src/core/netif.c.obj:(.text.netif_null_output_ip4)
 80051e4  80051e4        0     1                 $t
 80051e5  80051e5        6     1                 netif_null_output_ip4
 80051ec  80051ec       80     4         cmake/stm32cubemx/CMakeFiles/LwIP.dir/__/__/Middlewares/Third_Party/LwIP/src/core/netif.c.obj:(.text.netif_set_addr)
 80051ec  80051ec        0     1                 $t
 80051ed  80051ed       80     1                 netif_set_addr
 800526c  800526c       9c     4         cmake/stm32cubemx/CMakeFiles/LwIP.dir/__/__/Middlewares/Third_Party/LwIP/src/core/netif.c.obj:(.text.netif_do_set_ipaddr)
 800526c  800526c        0     1                 $t
 800526d  800526d       9c     1                 netif_do_set_ipaddr
 8005308  8005308        c     4         cmake/stm32cubemx/CMakeFiles/LwIP.dir/__/__/Middlewares/Third_Party/LwIP/src/core/netif.c.obj:(.text.netif_set_default)
 8005308  8005308        0     1                 $t
 8005309  8005309        c     1                 netif_set_default
 8005314  8005314       4a     4         cmake/stm32cubemx/CMakeFiles/LwIP.dir/__/__/Middlewares/Third_Party/LwIP/src/core/netif.c.obj:(.text.netif_set_up)
 8005314  8005314        0     1                 $t
 8005315  8005315       4a     1                 netif_set_up
 8005360  8005360        8     4         cmake/stm32cubemx/CMakeFiles/LwIP.dir/__/__/Middlewares/Third_Party/LwIP/src/core/netif.c.obj:(.text.netif_set_link_callback)
 8005360  8005360        0     1                 $t
 8005361  8005361        8     1                 netif_set_link_callback
 8005368  8005368       26     4         cmake/stm32cubemx/CMakeFiles/LwIP.dir/__/__/Middlewares/Third_Party/LwIP/src/core/netif.c.obj:(.text.netif_get_by_index)
 8005368  8005368        0     1                 $t
 8005369  8005369       26     1                 netif_get_by_index
 8005390  8005390      204     4         cmake/stm32cubemx/CMakeFiles/LwIP.dir/__/__/Middlewares/Third_Party/LwIP/src/core/pbuf.c.obj:(.text.pbuf_alloc)
 8005390  8005390        0     1                 $t
 8005391  8005391      204     1                 pbuf_alloc
 8005594  8005594       fe     4         cmake/stm32cubemx/CMakeFiles/LwIP.dir/__/__/Middlewares/Third_Party/LwIP/src/core/pbuf.c.obj:(.text.pbuf_free)
 8005594  8005594        0     1                 $t
 8005595  8005595       fe     1                 pbuf_free
 8005694  8005694       3e     4         cmake/stm32cubemx/CMakeFiles/LwIP.dir/__/__/Middlewares/Third_Party/LwIP/src/core/pbuf.c.obj:(.text.pbuf_alloced_custom)
 8005694  8005694        0     1                 $t
 8005695  8005695       3e     1                 pbuf_alloced_custom
 80056d4  80056d4       ec     4         cmake/stm32cubemx/CMakeFiles/LwIP.dir/__/__/Middlewares/Third_Party/LwIP/src/core/pbuf.c.obj:(.text.pbuf_realloc)
 80056d4  80056d4        0     1                 $t
 80056d5  80056d5       ec     1                 pbuf_realloc
 80057c0  80057c0       6a     4         cmake/stm32cubemx/CMakeFiles/LwIP.dir/__/__/Middlewares/Third_Party/LwIP/src/core/pbuf.c.obj:(.text.pbuf_add_header)
 80057c0  80057c0        0     1                 $t
 80057c1  80057c1       6a     1                 pbuf_add_header
 800582c  800582c       7a     4         cmake/stm32cubemx/CMakeFiles/LwIP.dir/__/__/Middlewares/Third_Party/LwIP/src/core/pbuf.c.obj:(.text.pbuf_remove_header)
 800582c  800582c        0     1                 $t
 800582d  800582d       7a     1                 pbuf_remove_header
 80058a8  80058a8       d4     4         cmake/stm32cubemx/CMakeFiles/LwIP.dir/__/__/Middlewares/Third_Party/LwIP/src/core/pbuf.c.obj:(.text.pbuf_header_impl)
 80058a8  80058a8        0     1                 $t
 80058a9  80058a9       d4     1                 pbuf_header_impl
 800597c  800597c        6     4         cmake/stm32cubemx/CMakeFiles/LwIP.dir/__/__/Middlewares/Third_Party/LwIP/src/core/pbuf.c.obj:(.text.pbuf_header_force)
 800597c  800597c        0     1                 $t
 800597d  800597d        6     1                 pbuf_header_force
 8005984  8005984       18     4         cmake/stm32cubemx/CMakeFiles/LwIP.dir/__/__/Middlewares/Third_Party/LwIP/src/core/pbuf.c.obj:(.text.pbuf_clen)
 8005984  8005984        0     1                 $t
 8005985  8005985       18     1                 pbuf_clen
 800599c  800599c       42     4         cmake/stm32cubemx/CMakeFiles/LwIP.dir/__/__/Middlewares/Third_Party/LwIP/src/core/pbuf.c.obj:(.text.pbuf_ref)
 800599c  800599c        0     1                 $t
 800599d  800599d       42     1                 pbuf_ref
 80059e0  80059e0       a2     4         cmake/stm32cubemx/CMakeFiles/LwIP.dir/__/__/Middlewares/Third_Party/LwIP/src/core/pbuf.c.obj:(.text.pbuf_cat)
 80059e0  80059e0        0     1                 $t
 80059e1  80059e1       a2     1                 pbuf_cat
 8005a84  8005a84       44     4         cmake/stm32cubemx/CMakeFiles/LwIP.dir/__/__/Middlewares/Third_Party/LwIP/src/core/pbuf.c.obj:(.text.pbuf_chain)
 8005a84  8005a84        0     1                 $t
 8005a85  8005a85       44     1                 pbuf_chain
 8005ac8  8005ac8      16c     4         cmake/stm32cubemx/CMakeFiles/LwIP.dir/__/__/Middlewares/Third_Party/LwIP/src/core/pbuf.c.obj:(.text.pbuf_copy)
 8005ac8  8005ac8        0     1                 $t
 8005ac9  8005ac9      16c     1                 pbuf_copy
 8005c34  8005c34       be     4         cmake/stm32cubemx/CMakeFiles/LwIP.dir/__/__/Middlewares/Third_Party/LwIP/src/core/pbuf.c.obj:(.text.pbuf_copy_partial)
 8005c34  8005c34        0     1                 $t
 8005c35  8005c35       be     1                 pbuf_copy_partial
 8005cf4  8005cf4       4e     4         cmake/stm32cubemx/CMakeFiles/LwIP.dir/__/__/Middlewares/Third_Party/LwIP/src/core/pbuf.c.obj:(.text.pbuf_clone)
 8005cf4  8005cf4        0     1                 $t
 8005cf5  8005cf5       4e     1                 pbuf_clone
 8005d44  8005d44       38     4         cmake/stm32cubemx/CMakeFiles/LwIP.dir/__/__/Middlewares/Third_Party/LwIP/src/core/pbuf.c.obj:(.text.pbuf_free_ooseq_callback)
 8005d44  8005d44        0     1                 $t
 8005d45  8005d45       38     1                 pbuf_free_ooseq_callback
 8005d7c  8005d7c       16     4         cmake/stm32cubemx/CMakeFiles/LwIP.dir/__/__/Middlewares/Third_Party/LwIP/src/core/tcp.c.obj:(.text.tcp_init)
 8005d7c  8005d7c        0     1                 $t
 8005d7d  8005d7d       16     1                 tcp_init
 8005d94  8005d94       34     4         cmake/stm32cubemx/CMakeFiles/LwIP.dir/__/__/Middlewares/Third_Party/LwIP/src/core/tcp.c.obj:(.text.tcp_free)
 8005d94  8005d94        0     1                 $t
 8005d95  8005d95       34     1                 tcp_free
 8005dc8  8005dc8       22     4         cmake/stm32cubemx/CMakeFiles/LwIP.dir/__/__/Middlewares/Third_Party/LwIP/src/core/tcp.c.obj:(.text.tcp_tmr)
 8005dc8  8005dc8        0     1                 $t
 8005dc9  8005dc9       22     1                 tcp_tmr
 8005dec  8005dec       96     4         cmake/stm32cubemx/CMakeFiles/LwIP.dir/__/__/Middlewares/Third_Party/LwIP/src/core/tcp.c.obj:(.text.tcp_fasttmr)
 8005dec  8005dec        0     1                 $t
 8005ded  8005ded       96     1                 tcp_fasttmr
 8005e84  8005e84      61c     4         cmake/stm32cubemx/CMakeFiles/LwIP.dir/__/__/Middlewares/Third_Party/LwIP/src/core/tcp.c.obj:(.text.tcp_slowtmr)
 8005e84  8005e84        0     1                 $t
 8005e85  8005e85      61c     1                 tcp_slowtmr
 80064a0  80064a0      1b4     4         cmake/stm32cubemx/CMakeFiles/LwIP.dir/__/__/Middlewares/Third_Party/LwIP/src/core/tcp.c.obj:(.text.tcp_close_shutdown)
 80064a0  80064a0        0     1                 $t
 80064a1  80064a1      1b4     1                 tcp_close_shutdown
 8006654  8006654      1d8     4         cmake/stm32cubemx/CMakeFiles/LwIP.dir/__/__/Middlewares/Third_Party/LwIP/src/core/tcp.c.obj:(.text.tcp_abandon)
 8006654  8006654        0     1                 $t
 8006655  8006655      1d8     1                 tcp_abandon
 800682c  800682c      10a     4         cmake/stm32cubemx/CMakeFiles/LwIP.dir/__/__/Middlewares/Third_Party/LwIP/src/core/tcp.c.obj:(.text.tcp_pcb_remove)
 800682c  800682c        0     1                 $t
 800682d  800682d      10a     1                 tcp_pcb_remove
 8006938  8006938       2a     4         cmake/stm32cubemx/CMakeFiles/LwIP.dir/__/__/Middlewares/Third_Party/LwIP/src/core/tcp.c.obj:(.text.tcp_segs_free)
 8006938  8006938        0     1                 $t
 8006939  8006939       2a     1                 tcp_segs_free
 8006964  8006964        6     4         cmake/stm32cubemx/CMakeFiles/LwIP.dir/__/__/Middlewares/Third_Party/LwIP/src/core/tcp.c.obj:(.text.tcp_abort)
 8006964  8006964        0     1                 $t
 8006965  8006965        6     1                 tcp_abort
 800696c  800696c       80     4         cmake/stm32cubemx/CMakeFiles/LwIP.dir/__/__/Middlewares/Third_Party/LwIP/src/core/tcp.c.obj:(.text.tcp_update_rcv_ann_wnd)
 800696c  800696c        0     1                 $t
 800696d  800696d       80     1                 tcp_update_rcv_ann_wnd
 80069ec  80069ec       fa     4         cmake/stm32cubemx/CMakeFiles/LwIP.dir/__/__/Middlewares/Third_Party/LwIP/src/core/tcp.c.obj:(.text.tcp_recved)
 80069ec  80069ec        0     1                 $t
 80069ed  80069ed       fa     1                 tcp_recved
 8006ae8  8006ae8       40     4         cmake/stm32cubemx/CMakeFiles/LwIP.dir/__/__/Middlewares/Third_Party/LwIP/src/core/tcp.c.obj:(.text.tcp_next_iss)
 8006ae8  8006ae8        0     1                 $t
 8006ae9  8006ae9       40     1                 tcp_next_iss
 8006b28  8006b28       4c     4         cmake/stm32cubemx/CMakeFiles/LwIP.dir/__/__/Middlewares/Third_Party/LwIP/src/core/tcp.c.obj:(.text.tcp_eff_send_mss_netif)
 8006b28  8006b28        0     1                 $t
 8006b29  8006b29       4c     1                 tcp_eff_send_mss_netif
 8006b74  8006b74       28     4         cmake/stm32cubemx/CMakeFiles/LwIP.dir/__/__/Middlewares/Third_Party/LwIP/src/core/tcp.c.obj:(.text.tcp_free_ooseq)
 8006b74  8006b74        0     1                 $t
 8006b75  8006b75       28     1                 tcp_free_ooseq
 8006b9c  8006b9c       ba     4         cmake/stm32cubemx/CMakeFiles/LwIP.dir/__/__/Middlewares/Third_Party/LwIP/src/core/tcp.c.obj:(.text.tcp_pcb_purge)
 8006b9c  8006b9c        0     1                 $t
 8006b9d  8006b9d       ba     1                 tcp_pcb_purge
 8006c58  8006c58       50     4         cmake/stm32cubemx/CMakeFiles/LwIP.dir/__/__/Middlewares/Third_Party/LwIP/src/core/tcp.c.obj:(.text.tcp_close_shutdown_fin)
 8006c58  8006c58        0     1                 $t
 8006c59  8006c59       50     1                 tcp_close_shutdown_fin
 8006ca8  8006ca8       c6     4         cmake/stm32cubemx/CMakeFiles/LwIP.dir/__/__/Middlewares/Third_Party/LwIP/src/core/tcp.c.obj:(.text.tcp_process_refused_data)
 8006ca8  8006ca8        0     1                 $t
 8006ca9  8006ca9       c6     1                 tcp_process_refused_data
 8006d70  8006d70       6a     4         cmake/stm32cubemx/CMakeFiles/LwIP.dir/__/__/Middlewares/Third_Party/LwIP/src/core/tcp.c.obj:(.text.tcp_recv_null)
 8006d70  8006d70        0     1                 $t
 8006d71  8006d71       6a     1                 tcp_recv_null
 8006ddc  8006ddc       1e     4         cmake/stm32cubemx/CMakeFiles/LwIP.dir/__/__/Middlewares/Third_Party/LwIP/src/core/tcp.c.obj:(.text.tcp_seg_free)
 8006ddc  8006ddc        0     1                 $t
 8006ddd  8006ddd       1e     1                 tcp_seg_free
 8006dfc  8006dfc       4c     4         cmake/stm32cubemx/CMakeFiles/LwIP.dir/__/__/Middlewares/Third_Party/LwIP/src/core/tcp.c.obj:(.text.tcp_seg_copy)
 8006dfc  8006dfc        0     1                 $t
 8006dfd  8006dfd       4c     1                 tcp_seg_copy
 8006e48  8006e48      180     4         cmake/stm32cubemx/CMakeFiles/LwIP.dir/__/__/Middlewares/Third_Party/LwIP/src/core/tcp.c.obj:(.text.tcp_alloc)
 8006e48  8006e48        0     1                 $t
 8006e49  8006e49      180     1                 tcp_alloc
 8006fc8  8006fc8       72     4         cmake/stm32cubemx/CMakeFiles/LwIP.dir/__/__/Middlewares/Third_Party/LwIP/src/core/tcp.c.obj:(.text.tcp_kill_prio)
 8006fc8  8006fc8        0     1                 $t
 8006fc9  8006fc9       72     1                 tcp_kill_prio
 800703c  800703c       80     4         cmake/stm32cubemx/CMakeFiles/LwIP.dir/__/__/Middlewares/Third_Party/LwIP/src/core/tcp.c.obj:(.text.tcp_netif_ip_addr_changed)
 800703c  800703c        0     1                 $t
 800703d  800703d       80     1                 tcp_netif_ip_addr_changed
 80070bc  80070bc      6aa     4         cmake/stm32cubemx/CMakeFiles/LwIP.dir/__/__/Middlewares/Third_Party/LwIP/src/core/tcp_in.c.obj:(.text.tcp_input)
 80070bc  80070bc        0     1                 $t
 80070bd  80070bd      6aa     1                 tcp_input
 8007768  8007768       a2     4         cmake/stm32cubemx/CMakeFiles/LwIP.dir/__/__/Middlewares/Third_Party/LwIP/src/core/tcp_in.c.obj:(.text.tcp_timewait_input)
 8007768  8007768        0     1                 $t
 8007769  8007769       a2     1                 tcp_timewait_input
 800780c  800780c      168     4         cmake/stm32cubemx/CMakeFiles/LwIP.dir/__/__/Middlewares/Third_Party/LwIP/src/core/tcp_in.c.obj:(.text.tcp_listen_input)
 800780c  800780c        0     1                 $t
 800780d  800780d      168     1                 tcp_listen_input
 8007974  8007974      5f0     4         cmake/stm32cubemx/CMakeFiles/LwIP.dir/__/__/Middlewares/Third_Party/LwIP/src/core/tcp_in.c.obj:(.text.tcp_process)
 8007974  8007974        0     1                 $t
 8007975  8007975      5f0     1                 tcp_process
 80079cc  80079cc        0     1                 $d
 80079dc  80079dc        0     1                 $t
 8007f64  8007f64       42     4         cmake/stm32cubemx/CMakeFiles/LwIP.dir/__/__/Middlewares/Third_Party/LwIP/src/core/tcp_in.c.obj:(.text.tcp_input_delayed_close)
 8007f64  8007f64        0     1                 $t
 8007f65  8007f65       42     1                 tcp_input_delayed_close
 8007fa8  8007fa8       12     4         cmake/stm32cubemx/CMakeFiles/LwIP.dir/__/__/Middlewares/Third_Party/LwIP/src/core/tcp_in.c.obj:(.text.tcp_trigger_input_pcb_close)
 8007fa8  8007fa8        0     1                 $t
 8007fa9  8007fa9       12     1                 tcp_trigger_input_pcb_close
 8007fbc  8007fbc      148     4         cmake/stm32cubemx/CMakeFiles/LwIP.dir/__/__/Middlewares/Third_Party/LwIP/src/core/tcp_in.c.obj:(.text.tcp_parseopt)
 8007fbc  8007fbc        0     1                 $t
 8007fbd  8007fbd      148     1                 tcp_parseopt
 8008104  8008104      934     4         cmake/stm32cubemx/CMakeFiles/LwIP.dir/__/__/Middlewares/Third_Party/LwIP/src/core/tcp_in.c.obj:(.text.tcp_receive)
 8008104  8008104        0     1                 $t
 8008105  8008105      934     1                 tcp_receive
 8008a38  8008a38       e8     4         cmake/stm32cubemx/CMakeFiles/LwIP.dir/__/__/Middlewares/Third_Party/LwIP/src/core/tcp_in.c.obj:(.text.tcp_free_acked_segments)
 8008a38  8008a38        0     1                 $t
 8008a39  8008a39       e8     1                 tcp_free_acked_segments
 8008b20  8008b20       9a     4         cmake/stm32cubemx/CMakeFiles/LwIP.dir/__/__/Middlewares/Third_Party/LwIP/src/core/tcp_in.c.obj:(.text.tcp_oos_insert_segment)
 8008b20  8008b20        0     1                 $t
 8008b21  8008b21       9a     1                 tcp_oos_insert_segment
 8008bbc  8008bbc       f8     4         cmake/stm32cubemx/CMakeFiles/LwIP.dir/__/__/Middlewares/Third_Party/LwIP/src/core/tcp_out.c.obj:(.text.tcp_create_segment)
 8008bbc  8008bbc        0     1                 $t
 8008bbd  8008bbd       f8     1                 tcp_create_segment
 8008cb4  8008cb4      1e4     4         cmake/stm32cubemx/CMakeFiles/LwIP.dir/__/__/Middlewares/Third_Party/LwIP/src/core/tcp_out.c.obj:(.text.tcp_split_unsent_seg)
 8008cb4  8008cb4        0     1                 $t
 8008cb5  8008cb5      1e4     1                 tcp_split_unsent_seg
 8008e98  8008e98       68     4         cmake/stm32cubemx/CMakeFiles/LwIP.dir/__/__/Middlewares/Third_Party/LwIP/src/core/tcp_out.c.obj:(.text.tcp_send_fin)
 8008e98  8008e98        0     1                 $t
 8008e99  8008e99       68     1                 tcp_send_fin
 8008f00  8008f00      186     4         cmake/stm32cubemx/CMakeFiles/LwIP.dir/__/__/Middlewares/Third_Party/LwIP/src/core/tcp_out.c.obj:(.text.tcp_enqueue_flags)
 8008f00  8008f00        0     1                 $t
 8008f01  8008f01      186     1                 tcp_enqueue_flags
 8009088  8009088      426     4         cmake/stm32cubemx/CMakeFiles/LwIP.dir/__/__/Middlewares/Third_Party/LwIP/src/core/tcp_out.c.obj:(.text.tcp_output)
 8009088  8009088        0     1                 $t
 8009089  8009089      426     1                 tcp_output
 80094b0  80094b0       dc     4         cmake/stm32cubemx/CMakeFiles/LwIP.dir/__/__/Middlewares/Third_Party/LwIP/src/core/tcp_out.c.obj:(.text.tcp_send_empty_ack)
 80094b0  80094b0        0     1                 $t
 80094b1  80094b1       dc     1                 tcp_send_empty_ack
 800958c  800958c       94     4         cmake/stm32cubemx/CMakeFiles/LwIP.dir/__/__/Middlewares/Third_Party/LwIP/src/core/tcp_out.c.obj:(.text.tcp_rexmit_rto_prepare)
 800958c  800958c        0     1                 $t
 800958d  800958d       94     1                 tcp_rexmit_rto_prepare
 8009620  8009620       40     4         cmake/stm32cubemx/CMakeFiles/LwIP.dir/__/__/Middlewares/Third_Party/LwIP/src/core/tcp_out.c.obj:(.text.tcp_rexmit_rto_commit)
 8009620  8009620        0     1                 $t
 8009621  8009621       40     1                 tcp_rexmit_rto_commit
 8009660  8009660       6a     4         cmake/stm32cubemx/CMakeFiles/LwIP.dir/__/__/Middlewares/Third_Party/LwIP/src/core/tcp_out.c.obj:(.text.tcp_rexmit_rto)
 8009660  8009660        0     1                 $t
 8009661  8009661       6a     1                 tcp_rexmit_rto
 80096cc  80096cc       92     4         cmake/stm32cubemx/CMakeFiles/LwIP.dir/__/__/Middlewares/Third_Party/LwIP/src/core/tcp_out.c.obj:(.text.tcp_rexmit)
 80096cc  80096cc        0     1                 $t
 80096cd  80096cd       92     1                 tcp_rexmit
 8009760  8009760       7a     4         cmake/stm32cubemx/CMakeFiles/LwIP.dir/__/__/Middlewares/Third_Party/LwIP/src/core/tcp_out.c.obj:(.text.tcp_rexmit_fast)
 8009760  8009760        0     1                 $t
 8009761  8009761       7a     1                 tcp_rexmit_fast
 80097dc  80097dc       d2     4         cmake/stm32cubemx/CMakeFiles/LwIP.dir/__/__/Middlewares/Third_Party/LwIP/src/core/tcp_out.c.obj:(.text.tcp_rst)
 80097dc  80097dc        0     1                 $t
 80097dd  80097dd       d2     1                 tcp_rst
 80098b0  80098b0       a2     4         cmake/stm32cubemx/CMakeFiles/LwIP.dir/__/__/Middlewares/Third_Party/LwIP/src/core/tcp_out.c.obj:(.text.tcp_output_alloc_header_common)
 80098b0  80098b0        0     1                 $t
 80098b1  80098b1       a2     1                 tcp_output_alloc_header_common
 8009954  8009954       ce     4         cmake/stm32cubemx/CMakeFiles/LwIP.dir/__/__/Middlewares/Third_Party/LwIP/src/core/tcp_out.c.obj:(.text.tcp_keepalive)
 8009954  8009954        0     1                 $t
 8009955  8009955       ce     1                 tcp_keepalive
 8009a24  8009a24      16a     4         cmake/stm32cubemx/CMakeFiles/LwIP.dir/__/__/Middlewares/Third_Party/LwIP/src/core/tcp_out.c.obj:(.text.tcp_zero_window_probe)
 8009a24  8009a24        0     1                 $t
 8009a25  8009a25      16a     1                 tcp_zero_window_probe
 8009b90  8009b90       9c     4         cmake/stm32cubemx/CMakeFiles/LwIP.dir/__/__/Middlewares/Third_Party/LwIP/src/core/timeouts.c.obj:(.text.tcp_timer_needed)
 8009b90  8009b90        0     1                 $t
 8009b91  8009b91       9c     1                 tcp_timer_needed
 8009c2c  8009c2c       98     4         cmake/stm32cubemx/CMakeFiles/LwIP.dir/__/__/Middlewares/Third_Party/LwIP/src/core/timeouts.c.obj:(.text.sys_timeout)
 8009c2c  8009c2c        0     1                 $t
 8009c2d  8009c2d       98     1                 sys_timeout
 8009cc4  8009cc4       9e     4         cmake/stm32cubemx/CMakeFiles/LwIP.dir/__/__/Middlewares/Third_Party/LwIP/src/core/timeouts.c.obj:(.text.tcpip_tcp_timer)
 8009cc4  8009cc4        0     1                 $t
 8009cc5  8009cc5       9e     1                 tcpip_tcp_timer
 8009d64  8009d64       28     4         cmake/stm32cubemx/CMakeFiles/LwIP.dir/__/__/Middlewares/Third_Party/LwIP/src/core/timeouts.c.obj:(.text.sys_timeouts_init)
 8009d64  8009d64        0     1                 $t
 8009d65  8009d65       28     1                 sys_timeouts_init
 8009d8c  8009d8c       d8     4         cmake/stm32cubemx/CMakeFiles/LwIP.dir/__/__/Middlewares/Third_Party/LwIP/src/core/timeouts.c.obj:(.text.lwip_cyclic_timer)
 8009d8c  8009d8c        0     1                 $t
 8009d8d  8009d8d       d8     1                 lwip_cyclic_timer
 8009e64  8009e64       58     4         cmake/stm32cubemx/CMakeFiles/LwIP.dir/__/__/Middlewares/Third_Party/LwIP/src/core/timeouts.c.obj:(.text.sys_check_timeouts)
 8009e64  8009e64        0     1                 $t
 8009e65  8009e65       58     1                 sys_check_timeouts
 8009ebc  8009ebc       28     4         cmake/stm32cubemx/CMakeFiles/LwIP.dir/__/__/Middlewares/Third_Party/LwIP/src/core/timeouts.c.obj:(.text.sys_timeouts_sleeptime)
 8009ebc  8009ebc        0     1                 $t
 8009ebd  8009ebd       28     1                 sys_timeouts_sleeptime
 8009ee4  8009ee4       16     4         cmake/stm32cubemx/CMakeFiles/LwIP.dir/__/__/Middlewares/Third_Party/LwIP/src/core/udp.c.obj:(.text.udp_init)
 8009ee4  8009ee4        0     1                 $t
 8009ee5  8009ee5       16     1                 udp_init
 8009efc  8009efc      236     4         cmake/stm32cubemx/CMakeFiles/LwIP.dir/__/__/Middlewares/Third_Party/LwIP/src/core/udp.c.obj:(.text.udp_input)
 8009efc  8009efc        0     1                 $t
 8009efd  8009efd      236     1                 udp_input
 800a134  800a134       d6     4         cmake/stm32cubemx/CMakeFiles/LwIP.dir/__/__/Middlewares/Third_Party/LwIP/src/core/udp.c.obj:(.text.udp_sendto_if)
 800a134  800a134        0     1                 $t
 800a135  800a135       d6     1                 udp_sendto_if
 800a20c  800a20c      1ce     4         cmake/stm32cubemx/CMakeFiles/LwIP.dir/__/__/Middlewares/Third_Party/LwIP/src/core/udp.c.obj:(.text.udp_sendto_if_src)
 800a20c  800a20c        0     1                 $t
 800a20d  800a20d      1ce     1                 udp_sendto_if_src
 800a3dc  800a3dc      11c     4         cmake/stm32cubemx/CMakeFiles/LwIP.dir/__/__/Middlewares/Third_Party/LwIP/src/core/udp.c.obj:(.text.udp_bind)
 800a3dc  800a3dc        0     1                 $t
 800a3dd  800a3dd      11c     1                 udp_bind
 800a4f8  800a4f8       96     4         cmake/stm32cubemx/CMakeFiles/LwIP.dir/__/__/Middlewares/Third_Party/LwIP/src/core/udp.c.obj:(.text.udp_connect)
 800a4f8  800a4f8        0     1                 $t
 800a4f9  800a4f9       96     1                 udp_connect
 800a590  800a590       28     4         cmake/stm32cubemx/CMakeFiles/LwIP.dir/__/__/Middlewares/Third_Party/LwIP/src/core/udp.c.obj:(.text.udp_recv)
 800a590  800a590        0     1                 $t
 800a591  800a591       28     1                 udp_recv
 800a5b8  800a5b8       52     4         cmake/stm32cubemx/CMakeFiles/LwIP.dir/__/__/Middlewares/Third_Party/LwIP/src/core/udp.c.obj:(.text.udp_remove)
 800a5b8  800a5b8        0     1                 $t
 800a5b9  800a5b9       52     1                 udp_remove
 800a60c  800a60c       22     4         cmake/stm32cubemx/CMakeFiles/LwIP.dir/__/__/Middlewares/Third_Party/LwIP/src/core/udp.c.obj:(.text.udp_new)
 800a60c  800a60c        0     1                 $t
 800a60d  800a60d       22     1                 udp_new
 800a630  800a630       3e     4         cmake/stm32cubemx/CMakeFiles/LwIP.dir/__/__/Middlewares/Third_Party/LwIP/src/core/udp.c.obj:(.text.udp_netif_ip_addr_changed)
 800a630  800a630        0     1                 $t
 800a631  800a631       3e     1                 udp_netif_ip_addr_changed
 800a670  800a670      2a0     4         cmake/stm32cubemx/CMakeFiles/LwIP.dir/__/__/Middlewares/Third_Party/LwIP/src/core/ipv4/dhcp.c.obj:(.text.dhcp_coarse_tmr)
 800a670  800a670        0     1                 $t
 800a671  800a671      2a0     1                 dhcp_coarse_tmr
 800a910  800a910      1ca     4         cmake/stm32cubemx/CMakeFiles/LwIP.dir/__/__/Middlewares/Third_Party/LwIP/src/core/ipv4/dhcp.c.obj:(.text.dhcp_release_and_stop)
 800a910  800a910        0     1                 $t
 800a911  800a911      1ca     1                 dhcp_release_and_stop
 800aadc  800aadc       fa     4         cmake/stm32cubemx/CMakeFiles/LwIP.dir/__/__/Middlewares/Third_Party/LwIP/src/core/ipv4/dhcp.c.obj:(.text.dhcp_start)
 800aadc  800aadc        0     1                 $t
 800aadd  800aadd       fa     1                 dhcp_start
 800abd8  800abd8       c2     4         cmake/stm32cubemx/CMakeFiles/LwIP.dir/__/__/Middlewares/Third_Party/LwIP/src/core/ipv4/dhcp.c.obj:(.text.dhcp_fine_tmr)
 800abd8  800abd8        0     1                 $t
 800abd9  800abd9       c2     1                 dhcp_fine_tmr
 800ac1e  800ac1e        0     1                 $d
 800ac2a  800ac2a        0     1                 $t
 800ac9c  800ac9c       84     4         cmake/stm32cubemx/CMakeFiles/LwIP.dir/__/__/Middlewares/Third_Party/LwIP/src/core/ipv4/dhcp.c.obj:(.text.dhcp_inc_pcb_refcount)
 800ac9c  800ac9c        0     1                 $t
 800ac9d  800ac9d       84     1                 dhcp_inc_pcb_refcount
 800ad20  800ad20      1ec     4         cmake/stm32cubemx/CMakeFiles/LwIP.dir/__/__/Middlewares/Third_Party/LwIP/src/core/ipv4/dhcp.c.obj:(.text.dhcp_discover)
 800ad20  800ad20        0     1                 $t
 800ad21  800ad21      1ec     1                 dhcp_discover
 800af0c  800af0c      140     4         cmake/stm32cubemx/CMakeFiles/LwIP.dir/__/__/Middlewares/Third_Party/LwIP/src/core/ipv4/dhcp.c.obj:(.text.dhcp_create_msg)
 800af0c  800af0c        0     1                 $t
 800af0d  800af0d      140     1                 dhcp_create_msg
 800b04c  800b04c      276     4         cmake/stm32cubemx/CMakeFiles/LwIP.dir/__/__/Middlewares/Third_Party/LwIP/src/core/ipv4/dhcp.c.obj:(.text.dhcp_reboot)
 800b04c  800b04c        0     1                 $t
 800b04d  800b04d      276     1                 dhcp_reboot
 800b2c4  800b2c4      16c     4         cmake/stm32cubemx/CMakeFiles/LwIP.dir/__/__/Middlewares/Third_Party/LwIP/src/core/ipv4/dhcp.c.obj:(.text.dhcp_arp_reply)
 800b2c4  800b2c4        0     1                 $t
 800b2c5  800b2c5      16c     1                 dhcp_arp_reply
 800b430  800b430      1e0     4         cmake/stm32cubemx/CMakeFiles/LwIP.dir/__/__/Middlewares/Third_Party/LwIP/src/core/ipv4/dhcp.c.obj:(.text.dhcp_renew)
 800b430  800b430        0     1                 $t
 800b431  800b431      1e0     1                 dhcp_renew
 800b610  800b610      37c     4         cmake/stm32cubemx/CMakeFiles/LwIP.dir/__/__/Middlewares/Third_Party/LwIP/src/core/ipv4/dhcp.c.obj:(.text.dhcp_select)
 800b610  800b610        0     1                 $t
 800b611  800b611      37c     1                 dhcp_select
 800b98c  800b98c       36     4         cmake/stm32cubemx/CMakeFiles/LwIP.dir/__/__/Middlewares/Third_Party/LwIP/src/core/ipv4/dhcp.c.obj:(.text.dhcp_check)
 800b98c  800b98c        0     1                 $t
 800b98d  800b98d       36     1                 dhcp_check
 800b9c4  800b9c4      138     4         cmake/stm32cubemx/CMakeFiles/LwIP.dir/__/__/Middlewares/Third_Party/LwIP/src/core/ipv4/dhcp.c.obj:(.text.dhcp_bind)
 800b9c4  800b9c4        0     1                 $t
 800b9c5  800b9c5      138     1                 dhcp_bind
 800bafc  800bafc      5d8     4         cmake/stm32cubemx/CMakeFiles/LwIP.dir/__/__/Middlewares/Third_Party/LwIP/src/core/ipv4/dhcp.c.obj:(.text.dhcp_recv)
 800bafc  800bafc        0     1                 $t
 800bafd  800bafd      5d8     1                 dhcp_recv
 800bc3e  800bc3e        0     1                 $d
 800bc7a  800bc7a        0     1                 $t
 800c0d4  800c0d4       7c     4         cmake/stm32cubemx/CMakeFiles/LwIP.dir/__/__/Middlewares/Third_Party/LwIP/src/core/ipv4/dhcp.c.obj:(.text.dhcp_handle_ack)
 800c0d4  800c0d4        0     1                 $t
 800c0d5  800c0d5       7c     1                 dhcp_handle_ack
 800c150  800c150       32     4         cmake/stm32cubemx/CMakeFiles/LwIP.dir/__/__/Middlewares/Third_Party/LwIP/src/core/ipv4/dhcp.c.obj:(.text.dhcp_handle_nak)
 800c150  800c150        0     1                 $t
 800c151  800c151       32     1                 dhcp_handle_nak
 800c184  800c184       38     4         cmake/stm32cubemx/CMakeFiles/LwIP.dir/__/__/Middlewares/Third_Party/LwIP/src/core/ipv4/dhcp.c.obj:(.text.dhcp_handle_offer)
 800c184  800c184        0     1                 $t
 800c185  800c185       38     1                 dhcp_handle_offer
 800c1bc  800c1bc       ba     4         cmake/stm32cubemx/CMakeFiles/LwIP.dir/__/__/Middlewares/Third_Party/LwIP/src/core/ipv4/etharp.c.obj:(.text.etharp_tmr)
 800c1bc  800c1bc        0     1                 $t
 800c1bd  800c1bd       ba     1                 etharp_tmr
 800c278  800c278       32     4         cmake/stm32cubemx/CMakeFiles/LwIP.dir/__/__/Middlewares/Third_Party/LwIP/src/core/ipv4/etharp.c.obj:(.text.etharp_request)
 800c278  800c278        0     1                 $t
 800c279  800c279       32     1                 etharp_request
 800c2ac  800c2ac      202     4         cmake/stm32cubemx/CMakeFiles/LwIP.dir/__/__/Middlewares/Third_Party/LwIP/src/core/ipv4/etharp.c.obj:(.text.etharp_find_entry)
 800c2ac  800c2ac        0     1                 $t
 800c2ad  800c2ad      202     1                 etharp_find_entry
 800c4b0  800c4b0      170     4         cmake/stm32cubemx/CMakeFiles/LwIP.dir/__/__/Middlewares/Third_Party/LwIP/src/core/ipv4/etharp.c.obj:(.text.etharp_input)
 800c4b0  800c4b0        0     1                 $t
 800c4b1  800c4b1      170     1                 etharp_input
 800c620  800c620      12c     4         cmake/stm32cubemx/CMakeFiles/LwIP.dir/__/__/Middlewares/Third_Party/LwIP/src/core/ipv4/etharp.c.obj:(.text.etharp_raw)
 800c620  800c620        0     1                 $t
 800c621  800c621      12c     1                 etharp_raw
 800c74c  800c74c      1a8     4         cmake/stm32cubemx/CMakeFiles/LwIP.dir/__/__/Middlewares/Third_Party/LwIP/src/core/ipv4/etharp.c.obj:(.text.etharp_output)
 800c74c  800c74c        0     1                 $t
 800c74d  800c74d      1a8     1                 etharp_output
 800c8f4  800c8f4       c4     4         cmake/stm32cubemx/CMakeFiles/LwIP.dir/__/__/Middlewares/Third_Party/LwIP/src/core/ipv4/etharp.c.obj:(.text.etharp_output_to_arp_index)
 800c8f4  800c8f4        0     1                 $t
 800c8f5  800c8f5       c4     1                 etharp_output_to_arp_index
 800c9b8  800c9b8      200     4         cmake/stm32cubemx/CMakeFiles/LwIP.dir/__/__/Middlewares/Third_Party/LwIP/src/core/ipv4/etharp.c.obj:(.text.etharp_query)
 800c9b8  800c9b8        0     1                 $t
 800c9b9  800c9b9      200     1                 etharp_query
 800cbb8  800cbb8      18a     4         cmake/stm32cubemx/CMakeFiles/LwIP.dir/__/__/Middlewares/Third_Party/LwIP/src/core/ipv4/icmp.c.obj:(.text.icmp_input)
 800cbb8  800cbb8        0     1                 $t
 800cbb9  800cbb9      18a     1                 icmp_input
 800cd44  800cd44        8     4         cmake/stm32cubemx/CMakeFiles/LwIP.dir/__/__/Middlewares/Third_Party/LwIP/src/core/ipv4/icmp.c.obj:(.text.icmp_dest_unreach)
 800cd44  800cd44        0     1                 $t
 800cd45  800cd45        8     1                 icmp_dest_unreach
 800cd4c  800cd4c       9a     4         cmake/stm32cubemx/CMakeFiles/LwIP.dir/__/__/Middlewares/Third_Party/LwIP/src/core/ipv4/icmp.c.obj:(.text.icmp_send_response)
 800cd4c  800cd4c        0     1                 $t
 800cd4d  800cd4d       9a     1                 icmp_send_response
 800cde8  800cde8        8     4         cmake/stm32cubemx/CMakeFiles/LwIP.dir/__/__/Middlewares/Third_Party/LwIP/src/core/ipv4/icmp.c.obj:(.text.icmp_time_exceeded)
 800cde8  800cde8        0     1                 $t
 800cde9  800cde9        8     1                 icmp_time_exceeded
 800cdf0  800cdf0       74     4         cmake/stm32cubemx/CMakeFiles/LwIP.dir/__/__/Middlewares/Third_Party/LwIP/src/core/ipv4/ip4.c.obj:(.text.ip4_route)
 800cdf0  800cdf0        0     1                 $t
 800cdf1  800cdf1       74     1                 ip4_route
 800ce64  800ce64      214     4         cmake/stm32cubemx/CMakeFiles/LwIP.dir/__/__/Middlewares/Third_Party/LwIP/src/core/ipv4/ip4.c.obj:(.text.ip4_input)
 800ce64  800ce64        0     1                 $t
 800ce65  800ce65      214     1                 ip4_input
 800d078  800d078       32     4         cmake/stm32cubemx/CMakeFiles/LwIP.dir/__/__/Middlewares/Third_Party/LwIP/src/core/ipv4/ip4.c.obj:(.text.ip4_output_if)
 800d078  800d078        0     1                 $t
 800d079  800d079       32     1                 ip4_output_if
 800d0ac  800d0ac      144     4         cmake/stm32cubemx/CMakeFiles/LwIP.dir/__/__/Middlewares/Third_Party/LwIP/src/core/ipv4/ip4.c.obj:(.text.ip4_output_if_src)
 800d0ac  800d0ac        0     1                 $t
 800d0ad  800d0ad      144     1                 ip4_output_if_src
 800d1f0  800d1f0       36     4         cmake/stm32cubemx/CMakeFiles/LwIP.dir/__/__/Middlewares/Third_Party/LwIP/src/core/ipv4/ip4_addr.c.obj:(.text.ip4_addr_isbroadcast_u32)
 800d1f0  800d1f0        0     1                 $t
 800d1f1  800d1f1       36     1                 ip4_addr_isbroadcast_u32
 800d228  800d228       3c     4         cmake/stm32cubemx/CMakeFiles/LwIP.dir/__/__/Middlewares/Third_Party/LwIP/src/core/ipv4/ip4_frag.c.obj:(.text.ip_reass_tmr)
 800d228  800d228        0     1                 $t
 800d229  800d229       3c     1                 ip_reass_tmr
 800d264  800d264      172     4         cmake/stm32cubemx/CMakeFiles/LwIP.dir/__/__/Middlewares/Third_Party/LwIP/src/core/ipv4/ip4_frag.c.obj:(.text.ip_reass_free_complete_datagram)
 800d264  800d264        0     1                 $t
 800d265  800d265      172     1                 ip_reass_free_complete_datagram
[...]
    1f7c     1f7c       40     4         cmake/stm32cubemx/CMakeFiles/STM32_Drivers.dir/__/__/Drivers/STM32F4xx_HAL_Driver/Src/stm32f4xx_hal_iwdg.c.obj:(.debug_frame)
    1fbc     1fbc      178     4         cmake/stm32cubemx/CMakeFiles/FreeRTOS.dir/__/__/Middlewares/Third_Party/FreeRTOS/Source/event_groups.c.obj:(.debug_frame)
    2134     2134       6c     4         cmake/stm32cubemx/CMakeFiles/FreeRTOS.dir/__/__/Middlewares/Third_Party/FreeRTOS/Source/list.c.obj:(.debug_frame)
    21a0     21a0      398     4         cmake/stm32cubemx/CMakeFiles/FreeRTOS.dir/__/__/Middlewares/Third_Party/FreeRTOS/Source/queue.c.obj:(.debug_frame)
    2538     2538      280     4         cmake/stm32cubemx/CMakeFiles/FreeRTOS.dir/__/__/Middlewares/Third_Party/FreeRTOS/Source/stream_buffer.c.obj:(.debug_frame)
    27b8     27b8      60c     4         cmake/stm32cubemx/CMakeFiles/FreeRTOS.dir/__/__/Middlewares/Third_Party/FreeRTOS/Source/tasks.c.obj:(.debug_frame)
    2dc4     2dc4      22c     4         cmake/stm32cubemx/CMakeFiles/FreeRTOS.dir/__/__/Middlewares/Third_Party/FreeRTOS/Source/timers.c.obj:(.debug_frame)
    2ff0     2ff0      764     4         cmake/stm32cubemx/CMakeFiles/FreeRTOS.dir/__/__/Middlewares/Third_Party/FreeRTOS/Source/CMSIS_RTOS_V2/cmsis_os2.c.obj:(.debug_frame)
    3754     3754       b4     4         cmake/stm32cubemx/CMakeFiles/FreeRTOS.dir/__/__/Middlewares/Third_Party/FreeRTOS/Source/portable/MemMang/heap_4.c.obj:(.debug_frame)
    3808     3808      108     4         cmake/stm32cubemx/CMakeFiles/FreeRTOS.dir/__/__/Middlewares/Third_Party/FreeRTOS/Source/portable/GCC/ARM_CM4F/port.c.obj:(.debug_frame)
    3910     3910       90     4         cmake/stm32cubemx/CMakeFiles/LwIP.dir/__/__/Middlewares/Third_Party/LwIP/src/netif/bridgeif_fdb.c.obj:(.debug_frame)
    39a0     39a0       58     4         cmake/stm32cubemx/CMakeFiles/LwIP.dir/__/__/Middlewares/Third_Party/LwIP/src/netif/ethernet.c.obj:(.debug_frame)
    39f8     39f8       ac     4         cmake/stm32cubemx/CMakeFiles/LwIP.dir/__/__/Middlewares/Third_Party/LwIP/src/netif/slipif.c.obj:(.debug_frame)
    3aa4     3aa4      324     4         cmake/stm32cubemx/CMakeFiles/LwIP.dir/__/__/Middlewares/Third_Party/LwIP/src/api/api_lib.c.obj:(.debug_frame)
    3dc8     3dc8      31c     4         cmake/stm32cubemx/CMakeFiles/LwIP.dir/__/__/Middlewares/Third_Party/LwIP/src/api/api_msg.c.obj:(.debug_frame)
    40e4     40e4       24     4         cmake/stm32cubemx/CMakeFiles/LwIP.dir/__/__/Middlewares/Third_Party/LwIP/src/api/err.c.obj:(.debug_frame)
    4108     4108       34     4         cmake/stm32cubemx/CMakeFiles/LwIP.dir/__/__/Middlewares/Third_Party/LwIP/src/api/if_api.c.obj:(.debug_frame)
    413c     413c       f8     4         cmake/stm32cubemx/CMakeFiles/LwIP.dir/__/__/Middlewares/Third_Party/LwIP/src/api/netbuf.c.obj:(.debug_frame)
    4234     4234      4dc     4         cmake/stm32cubemx/CMakeFiles/LwIP.dir/__/__/Middlewares/Third_Party/LwIP/src/api/sockets.c.obj:(.debug_frame)
    4710     4710      194     4         cmake/stm32cubemx/CMakeFiles/LwIP.dir/__/__/Middlewares/Third_Party/LwIP/src/api/tcpip.c.obj:(.debug_frame)
    48a4     48a4       b4     4         cmake/stm32cubemx/CMakeFiles/LwIP.dir/__/__/Middlewares/Third_Party/LwIP/src/core/def.c.obj:(.debug_frame)
    4958     4958       e8     4         cmake/stm32cubemx/CMakeFiles/LwIP.dir/__/__/Middlewares/Third_Party/LwIP/src/core/inet_chksum.c.obj:(.debug_frame)
    4a40     4a40       2c     4         cmake/stm32cubemx/CMakeFiles/LwIP.dir/__/__/Middlewares/Third_Party/LwIP/src/core/init.c.obj:(.debug_frame)
    4a6c     4a6c       b8     4         cmake/stm32cubemx/CMakeFiles/LwIP.dir/__/__/Middlewares/Third_Party/LwIP/src/core/mem.c.obj:(.debug_frame)
    4b24     4b24       b8     4         cmake/stm32cubemx/CMakeFiles/LwIP.dir/__/__/Middlewares/Third_Party/LwIP/src/core/memp.c.obj:(.debug_frame)
    4bdc     4bdc      204     4         cmake/stm32cubemx/CMakeFiles/LwIP.dir/__/__/Middlewares/Third_Party/LwIP/src/core/netif.c.obj:(.debug_frame)
    4de0     4de0      3ec     4         cmake/stm32cubemx/CMakeFiles/LwIP.dir/__/__/Middlewares/Third_Party/LwIP/src/core/pbuf.c.obj:(.debug_frame)
    51cc     51cc       34     4         cmake/stm32cubemx/CMakeFiles/LwIP.dir/__/__/Middlewares/Third_Party/LwIP/src/core/sys.c.obj:(.debug_frame)
    5200     5200      494     4         cmake/stm32cubemx/CMakeFiles/LwIP.dir/__/__/Middlewares/Third_Party/LwIP/src/core/tcp.c.obj:(.debug_frame)
    5694     5694      160     4         cmake/stm32cubemx/CMakeFiles/LwIP.dir/__/__/Middlewares/Third_Party/LwIP/src/core/tcp_in.c.obj:(.debug_frame)
    57f4     57f4      260     4         cmake/stm32cubemx/CMakeFiles/LwIP.dir/__/__/Middlewares/Third_Party/LwIP/src/core/tcp_out.c.obj:(.debug_frame)
    5a54     5a54      110     4         cmake/stm32cubemx/CMakeFiles/LwIP.dir/__/__/Middlewares/Third_Party/LwIP/src/core/timeouts.c.obj:(.debug_frame)
    5b64     5b64      1b0     4         cmake/stm32cubemx/CMakeFiles/LwIP.dir/__/__/Middlewares/Third_Party/LwIP/src/core/udp.c.obj:(.debug_frame)
    5d14     5d14      314     4         cmake/stm32cubemx/CMakeFiles/LwIP.dir/__/__/Middlewares/Third_Party/LwIP/src/core/ipv4/dhcp.c.obj:(.debug_frame)
    6028     6028      1a8     4         cmake/stm32cubemx/CMakeFiles/LwIP.dir/__/__/Middlewares/Third_Party/LwIP/src/core/ipv4/etharp.c.obj:(.debug_frame)
    61d0     61d0       84     4         cmake/stm32cubemx/CMakeFiles/LwIP.dir/__/__/Middlewares/Third_Party/LwIP/src/core/ipv4/icmp.c.obj:(.debug_frame)
    6254     6254       bc     4         cmake/stm32cubemx/CMakeFiles/LwIP.dir/__/__/Middlewares/Third_Party/LwIP/src/core/ipv4/ip4.c.obj:(.debug_frame)
    6310     6310       d0     4         cmake/stm32cubemx/CMakeFiles/LwIP.dir/__/__/Middlewares/Third_Party/LwIP/src/core/ipv4/ip4_addr.c.obj:(.debug_frame)
    63e0     63e0       c4     4         cmake/stm32cubemx/CMakeFiles/LwIP.dir/__/__/Middlewares/Third_Party/LwIP/src/core/ipv4/ip4_frag.c.obj:(.debug_frame)
    64a4     64a4      224     4         cmake/stm32cubemx/CMakeFiles/LwIP.dir/__/__/Middlewares/Third_Party/LwIP/system/OS/sys_arch.c.obj:(.debug_frame)
    66c8     66c8      2a4     4         cmake/stm32cubemx/CMakeFiles/LwIP.dir/__/__/Middlewares/Third_Party/LwIP/src/apps/mqtt/mqtt.c.obj:(.debug_frame)
    696c     696c       44     4         CMakeFiles/PLCJS_ETH_MODULE_12DI_D4MG_STM32F407VGT6.dir/LWIP/App/lwip.c.obj:(.debug_frame)
    69b0     69b0      128     4         CMakeFiles/PLCJS_ETH_MODULE_12DI_D4MG_STM32F407VGT6.dir/LWIP/Target/ethernetif.c.obj:(.debug_frame)
    6ad8     6ad8      100     4         CMakeFiles/PLCJS_ETH_MODULE_12DI_D4MG_STM32F407VGT6.dir/LWIP/Target/eth_custom_phy_interface.c.obj:(.debug_frame)
    6bd8     6bd8       64     4         CMakeFiles/PLCJS_ETH_MODULE_12DI_D4MG_STM32F407VGT6.dir/Core/Src/main.c.obj:(.debug_frame)
    6c3c     6c3c       3c     4         CMakeFiles/PLCJS_ETH_MODULE_12DI_D4MG_STM32F407VGT6.dir/Core/Src/gpio.c.obj:(.debug_frame)
    6c78     6c78       3c     4         CMakeFiles/PLCJS_ETH_MODULE_12DI_D4MG_STM32F407VGT6.dir/Core/Src/freertos.c.obj:(.debug_frame)
    6cb4     6cb4       2c     4         CMakeFiles/PLCJS_ETH_MODULE_12DI_D4MG_STM32F407VGT6.dir/Core/Src/iwdg.c.obj:(.debug_frame)
    6ce0     6ce0       94     4         CMakeFiles/PLCJS_ETH_MODULE_12DI_D4MG_STM32F407VGT6.dir/Core/Src/stm32f4xx_it.c.obj:(.debug_frame)
    6d74     6d74       28     4         CMakeFiles/PLCJS_ETH_MODULE_12DI_D4MG_STM32F407VGT6.dir/Core/Src/stm32f4xx_hal_msp.c.obj:(.debug_frame)
    6d9c     6d9c       54     4         CMakeFiles/PLCJS_ETH_MODULE_12DI_D4MG_STM32F407VGT6.dir/Core/Src/stm32f4xx_hal_timebase_tim.c.obj:(.debug_frame)
    6df0     6df0       2c     4         CMakeFiles/PLCJS_ETH_MODULE_12DI_D4MG_STM32F407VGT6.dir/Core/Src/sysmem.c.obj:(.debug_frame)
    6e1c     6e1c      184     4         CMakeFiles/PLCJS_ETH_MODULE_12DI_D4MG_STM32F407VGT6.dir/Core/Src/syscalls.c.obj:(.debug_frame)
    6fa0     6fa0       24     4         C:/ST/STM32CubeCLT_1.21.0/st-arm-clang/bin/../lib/clang-runtimes/arm-none-eabi/armv7m_hard_fpv4_sp_d16_exn_rtti_unaligned_size/lib/libc.a(strlen.S.o):(.debug_frame)
    6fc4     6fc4       34     4         C:/ST/STM32CubeCLT_1.21.0/st-arm-clang/bin/../lib/clang-runtimes/arm-none-eabi/armv7m_hard_fpv4_sp_d16_exn_rtti_unaligned_size/lib/libc.a(libc_picolib_machine_arm_read_tp.S.o):(.debug_frame)
       0        0    24871     1 .debug_line
       0        0       f6     1         cmake/stm32cubemx/CMakeFiles/STM32_Drivers.dir/__/__/Core/Src/system_stm32f4xx.c.obj:(.debug_line)
      f6       f6     35ca     1         cmake/stm32cubemx/CMakeFiles/STM32_Drivers.dir/__/__/Drivers/STM32F4xx_HAL_Driver/Src/stm32f4xx_hal_tim.c.obj:(.debug_line)
    36c0     36c0     135b     1         cmake/stm32cubemx/CMakeFiles/STM32_Drivers.dir/__/__/Drivers/STM32F4xx_HAL_Driver/Src/stm32f4xx_hal_tim_ex.c.obj:(.debug_line)
    4a1b     4a1b      854     1         cmake/stm32cubemx/CMakeFiles/STM32_Drivers.dir/__/__/Drivers/STM32F4xx_HAL_Driver/Src/stm32f4xx_hal_rcc.c.obj:(.debug_line)
    526f     526f      4c0     1         cmake/stm32cubemx/CMakeFiles/STM32_Drivers.dir/__/__/Drivers/STM32F4xx_HAL_Driver/Src/stm32f4xx_hal_rcc_ex.c.obj:(.debug_line)
    572f     572f      537     1         cmake/stm32cubemx/CMakeFiles/STM32_Drivers.dir/__/__/Drivers/STM32F4xx_HAL_Driver/Src/stm32f4xx_hal_flash.c.obj:(.debug_line)
    5c66     5c66      43b     1         cmake/stm32cubemx/CMakeFiles/STM32_Drivers.dir/__/__/Drivers/STM32F4xx_HAL_Driver/Src/stm32f4xx_hal_flash_ex.c.obj:(.debug_line)
    60a1     60a1      38e     1         cmake/stm32cubemx/CMakeFiles/STM32_Drivers.dir/__/__/Drivers/STM32F4xx_HAL_Driver/Src/stm32f4xx_hal_gpio.c.obj:(.debug_line)
    642f     642f      51d     1         cmake/stm32cubemx/CMakeFiles/STM32_Drivers.dir/__/__/Drivers/STM32F4xx_HAL_Driver/Src/stm32f4xx_hal_dma_ex.c.obj:(.debug_line)
    694c     694c      93b     1         cmake/stm32cubemx/CMakeFiles/STM32_Drivers.dir/__/__/Drivers/STM32F4xx_HAL_Driver/Src/stm32f4xx_hal_dma.c.obj:(.debug_line)
    7287     7287      29e     1         cmake/stm32cubemx/CMakeFiles/STM32_Drivers.dir/__/__/Drivers/STM32F4xx_HAL_Driver/Src/stm32f4xx_hal_pwr.c.obj:(.debug_line)
    7525     7525      210     1         cmake/stm32cubemx/CMakeFiles/STM32_Drivers.dir/__/__/Drivers/STM32F4xx_HAL_Driver/Src/stm32f4xx_hal_pwr_ex.c.obj:(.debug_line)
    7735     7735      4e5     1         cmake/stm32cubemx/CMakeFiles/STM32_Drivers.dir/__/__/Drivers/STM32F4xx_HAL_Driver/Src/stm32f4xx_hal_cortex.c.obj:(.debug_line)
    7c1a     7c1a      387     1         cmake/stm32cubemx/CMakeFiles/STM32_Drivers.dir/__/__/Drivers/STM32F4xx_HAL_Driver/Src/stm32f4xx_hal.c.obj:(.debug_line)
    7fa1     7fa1      3a9     1         cmake/stm32cubemx/CMakeFiles/STM32_Drivers.dir/__/__/Drivers/STM32F4xx_HAL_Driver/Src/stm32f4xx_hal_exti.c.obj:(.debug_line)
    834a     834a     1551     1         cmake/stm32cubemx/CMakeFiles/STM32_Drivers.dir/__/__/Drivers/STM32F4xx_HAL_Driver/Src/stm32f4xx_hal_eth.c.obj:(.debug_line)
    989b     989b      164     1         cmake/stm32cubemx/CMakeFiles/STM32_Drivers.dir/__/__/Drivers/STM32F4xx_HAL_Driver/Src/stm32f4xx_hal_iwdg.c.obj:(.debug_line)
    99ff     99ff      643     1         cmake/stm32cubemx/CMakeFiles/FreeRTOS.dir/__/__/Middlewares/Third_Party/FreeRTOS/Source/event_groups.c.obj:(.debug_line)
    a042     a042      1ba     1         cmake/stm32cubemx/CMakeFiles/FreeRTOS.dir/__/__/Middlewares/Third_Party/FreeRTOS/Source/list.c.obj:(.debug_line)
    a1fc     a1fc     1364     1         cmake/stm32cubemx/CMakeFiles/FreeRTOS.dir/__/__/Middlewares/Third_Party/FreeRTOS/Source/queue.c.obj:(.debug_line)
    b560     b560      c96     1         cmake/stm32cubemx/CMakeFiles/FreeRTOS.dir/__/__/Middlewares/Third_Party/FreeRTOS/Source/stream_buffer.c.obj:(.debug_line)
    c1f6     c1f6     2089     1         cmake/stm32cubemx/CMakeFiles/FreeRTOS.dir/__/__/Middlewares/Third_Party/FreeRTOS/Source/tasks.c.obj:(.debug_line)
    e27f     e27f      98d     1         cmake/stm32cubemx/CMakeFiles/FreeRTOS.dir/__/__/Middlewares/Third_Party/FreeRTOS/Source/timers.c.obj:(.debug_line)
    ec0c     ec0c     1b70     1         cmake/stm32cubemx/CMakeFiles/FreeRTOS.dir/__/__/Middlewares/Third_Party/FreeRTOS/Source/CMSIS_RTOS_V2/cmsis_os2.c.obj:(.debug_line)
   1077c    1077c      46b     1         cmake/stm32cubemx/CMakeFiles/FreeRTOS.dir/__/__/Middlewares/Third_Party/FreeRTOS/Source/portable/MemMang/heap_4.c.obj:(.debug_line)
   10be7    10be7      41d     1         cmake/stm32cubemx/CMakeFiles/FreeRTOS.dir/__/__/Middlewares/Third_Party/FreeRTOS/Source/portable/GCC/ARM_CM4F/port.c.obj:(.debug_line)
   11004    11004      2c6     1         cmake/stm32cubemx/CMakeFiles/LwIP.dir/__/__/Middlewares/Third_Party/LwIP/src/netif/bridgeif_fdb.c.obj:(.debug_line)
   112ca    112ca      213     1         cmake/stm32cubemx/CMakeFiles/LwIP.dir/__/__/Middlewares/Third_Party/LwIP/src/netif/ethernet.c.obj:(.debug_line)
   114dd    114dd      401     1         cmake/stm32cubemx/CMakeFiles/LwIP.dir/__/__/Middlewares/Third_Party/LwIP/src/netif/slipif.c.obj:(.debug_line)
   118de    118de      c30     1         cmake/stm32cubemx/CMakeFiles/LwIP.dir/__/__/Middlewares/Third_Party/LwIP/src/api/api_lib.c.obj:(.debug_line)
   1250e    1250e     12e2     1         cmake/stm32cubemx/CMakeFiles/LwIP.dir/__/__/Middlewares/Third_Party/LwIP/src/api/api_msg.c.obj:(.debug_line)
   137f0    137f0       dd     1         cmake/stm32cubemx/CMakeFiles/LwIP.dir/__/__/Middlewares/Third_Party/LwIP/src/api/err.c.obj:(.debug_line)
   138cd    138cd       83     1         cmake/stm32cubemx/CMakeFiles/LwIP.dir/__/__/Middlewares/Third_Party/LwIP/src/api/if_api.c.obj:(.debug_line)
   13950    13950      362     1         cmake/stm32cubemx/CMakeFiles/LwIP.dir/__/__/Middlewares/Third_Party/LwIP/src/api/netbuf.c.obj:(.debug_line)
   13cb2    13cb2     1f78     1         cmake/stm32cubemx/CMakeFiles/LwIP.dir/__/__/Middlewares/Third_Party/LwIP/src/api/sockets.c.obj:(.debug_line)
   15c2a    15c2a      502     1         cmake/stm32cubemx/CMakeFiles/LwIP.dir/__/__/Middlewares/Third_Party/LwIP/src/api/tcpip.c.obj:(.debug_line)
   1612c    1612c      317     1         cmake/stm32cubemx/CMakeFiles/LwIP.dir/__/__/Middlewares/Third_Party/LwIP/src/core/def.c.obj:(.debug_line)
   16443    16443      50b     1         cmake/stm32cubemx/CMakeFiles/LwIP.dir/__/__/Middlewares/Third_Party/LwIP/src/core/inet_chksum.c.obj:(.debug_line)
   1694e    1694e       99     1         cmake/stm32cubemx/CMakeFiles/LwIP.dir/__/__/Middlewares/Third_Party/LwIP/src/core/init.c.obj:(.debug_line)
   169e7    169e7      136     1         cmake/stm32cubemx/CMakeFiles/LwIP.dir/__/__/Middlewares/Third_Party/LwIP/src/core/ip.c.obj:(.debug_line)
   16b1d    16b1d      5f9     1         cmake/stm32cubemx/CMakeFiles/LwIP.dir/__/__/Middlewares/Third_Party/LwIP/src/core/mem.c.obj:(.debug_line)
   17116    17116      353     1         cmake/stm32cubemx/CMakeFiles/LwIP.dir/__/__/Middlewares/Third_Party/LwIP/src/core/memp.c.obj:(.debug_line)
   17469    17469      8a5     1         cmake/stm32cubemx/CMakeFiles/LwIP.dir/__/__/Middlewares/Third_Party/LwIP/src/core/netif.c.obj:(.debug_line)
   17d0e    17d0e     1150     1         cmake/stm32cubemx/CMakeFiles/LwIP.dir/__/__/Middlewares/Third_Party/LwIP/src/core/pbuf.c.obj:(.debug_line)
   18e5e    18e5e      121     1         cmake/stm32cubemx/CMakeFiles/LwIP.dir/__/__/Middlewares/Third_Party/LwIP/src/core/sys.c.obj:(.debug_line)
   18f7f    18f7f     17a7     1         cmake/stm32cubemx/CMakeFiles/LwIP.dir/__/__/Middlewares/Third_Party/LwIP/src/core/tcp.c.obj:(.debug_line)
   1a726    1a726     1359     1         cmake/stm32cubemx/CMakeFiles/LwIP.dir/__/__/Middlewares/Third_Party/LwIP/src/core/tcp_in.c.obj:(.debug_line)
   1ba7f    1ba7f     12cf     1         cmake/stm32cubemx/CMakeFiles/LwIP.dir/__/__/Middlewares/Third_Party/LwIP/src/core/tcp_out.c.obj:(.debug_line)
   1cd4e    1cd4e      531     1         cmake/stm32cubemx/CMakeFiles/LwIP.dir/__/__/Middlewares/Third_Party/LwIP/src/core/timeouts.c.obj:(.debug_line)
   1d27f    1d27f      8b0     1         cmake/stm32cubemx/CMakeFiles/LwIP.dir/__/__/Middlewares/Third_Party/LwIP/src/core/udp.c.obj:(.debug_line)
   1db2f    1db2f     1b03     1         cmake/stm32cubemx/CMakeFiles/LwIP.dir/__/__/Middlewares/Third_Party/LwIP/src/core/ipv4/dhcp.c.obj:(.debug_line)
   1f632    1f632      8d7     1         cmake/stm32cubemx/CMakeFiles/LwIP.dir/__/__/Middlewares/Third_Party/LwIP/src/core/ipv4/etharp.c.obj:(.debug_line)
   1ff09    1ff09      2f4     1         cmake/stm32cubemx/CMakeFiles/LwIP.dir/__/__/Middlewares/Third_Party/LwIP/src/core/ipv4/icmp.c.obj:(.debug_line)
   201fd    201fd      56b     1         cmake/stm32cubemx/CMakeFiles/LwIP.dir/__/__/Middlewares/Third_Party/LwIP/src/core/ipv4/ip4.c.obj:(.debug_line)
   20768    20768      4de     1         cmake/stm32cubemx/CMakeFiles/LwIP.dir/__/__/Middlewares/Third_Party/LwIP/src/core/ipv4/ip4_addr.c.obj:(.debug_line)
   20c46    20c46      949     1         cmake/stm32cubemx/CMakeFiles/LwIP.dir/__/__/Middlewares/Third_Party/LwIP/src/core/ipv4/ip4_frag.c.obj:(.debug_line)
   2158f    2158f      461     1         cmake/stm32cubemx/CMakeFiles/LwIP.dir/__/__/Middlewares/Third_Party/LwIP/system/OS/sys_arch.c.obj:(.debug_line)
   219f0    219f0     1598     1         cmake/stm32cubemx/CMakeFiles/LwIP.dir/__/__/Middlewares/Third_Party/LwIP/src/apps/mqtt/mqtt.c.obj:(.debug_line)
   22f88    22f88      192     1         CMakeFiles/PLCJS_ETH_MODULE_12DI_D4MG_STM32F407VGT6.dir/LWIP/App/lwip.c.obj:(.debug_line)
   2311a    2311a      505     1         CMakeFiles/PLCJS_ETH_MODULE_12DI_D4MG_STM32F407VGT6.dir/LWIP/Target/ethernetif.c.obj:(.debug_line)
   2361f    2361f      46f     1         CMakeFiles/PLCJS_ETH_MODULE_12DI_D4MG_STM32F407VGT6.dir/LWIP/Target/eth_custom_phy_interface.c.obj:(.debug_line)
   23a8e    23a8e      242     1         CMakeFiles/PLCJS_ETH_MODULE_12DI_D4MG_STM32F407VGT6.dir/Core/Src/main.c.obj:(.debug_line)
   23cd0    23cd0      158     1         CMakeFiles/PLCJS_ETH_MODULE_12DI_D4MG_STM32F407VGT6.dir/Core/Src/gpio.c.obj:(.debug_line)
   23e28    23e28       e7     1         CMakeFiles/PLCJS_ETH_MODULE_12DI_D4MG_STM32F407VGT6.dir/Core/Src/freertos.c.obj:(.debug_line)
   23f0f    23f0f      10f     1         CMakeFiles/PLCJS_ETH_MODULE_12DI_D4MG_STM32F407VGT6.dir/Core/Src/iwdg.c.obj:(.debug_line)
   2401e    2401e      1ad     1         CMakeFiles/PLCJS_ETH_MODULE_12DI_D4MG_STM32F407VGT6.dir/Core/Src/stm32f4xx_it.c.obj:(.debug_line)
   241cb    241cb       d7     1         CMakeFiles/PLCJS_ETH_MODULE_12DI_D4MG_STM32F407VGT6.dir/Core/Src/stm32f4xx_hal_msp.c.obj:(.debug_line)
   242a2    242a2      18d     1         CMakeFiles/PLCJS_ETH_MODULE_12DI_D4MG_STM32F407VGT6.dir/Core/Src/stm32f4xx_hal_timebase_tim.c.obj:(.debug_line)
   2442f    2442f       e0     1         CMakeFiles/PLCJS_ETH_MODULE_12DI_D4MG_STM32F407VGT6.dir/Core/Src/sysmem.c.obj:(.debug_line)
   2450f    2450f      2f7     1         CMakeFiles/PLCJS_ETH_MODULE_12DI_D4MG_STM32F407VGT6.dir/Core/Src/syscalls.c.obj:(.debug_line)
   24806    24806       6b     1         CMakeFiles/PLCJS_ETH_MODULE_12DI_D4MG_STM32F407VGT6.dir/startup_stm32f407xx.s.obj:(.debug_line)
       0        0     4538     1 .debug_line_str
       0        0     4538     1         <internal>:(.debug_line_str)
       0        0       28     1 .debug_aranges
       0        0       28     1         CMakeFiles/PLCJS_ETH_MODULE_12DI_D4MG_STM32F407VGT6.dir/startup_stm32f407xx.s.obj:(.debug_aranges)
       0        0     4970     4 .symtab
       0        0     4970     4         <internal>:(.symtab)
       0        0      153     1 .shstrtab
       0        0      153     1         <internal>:(.shstrtab)
       0        0     3639     1 .strtab
       0        0     3639     1         <internal>:(.strtab)
