Drivers/STM32F4xx_HAL_Driver/Src/stm32f4xx_hal_eth.c:342:HAL_ETH_Init	128	static
Drivers/STM32F4xx_HAL_Driver/Src/stm32f4xx_hal_eth.c:472:HAL_ETH_MspInit	0	static
Drivers/STM32F4xx_HAL_Driver/Src/stm32f4xx_hal_eth.c:439:HAL_ETH_DeInit	8	static
Drivers/STM32F4xx_HAL_Driver/Src/stm32f4xx_hal_eth.c:487:HAL_ETH_MspDeInit	0	static
Drivers/STM32F4xx_HAL_Driver/Src/stm32f4xx_hal_eth.c:714:HAL_ETH_Start	24	static
Drivers/STM32F4xx_HAL_Driver/Src/stm32f4xx_hal_eth.c:1202:ETH_UpdateDescriptor	40	static
Drivers/STM32F4xx_HAL_Driver/Src/stm32f4xx_hal_eth.c:771:HAL_ETH_Start_IT	24	static
Drivers/STM32F4xx_HAL_Driver/Src/stm32f4xx_hal_eth.c:839:HAL_ETH_Stop	24	static
Drivers/STM32F4xx_HAL_Driver/Src/stm32f4xx_hal_eth.c:892:HAL_ETH_Stop_IT	24	static
Drivers/STM32F4xx_HAL_Driver/Src/stm32f4xx_hal_eth.c:962:HAL_ETH_Transmit	32	static
Drivers/STM32F4xx_HAL_Driver/Src/stm32f4xx_hal_eth.c:3122:ETH_Prepare_Tx_Descriptors	44	static
Drivers/STM32F4xx_HAL_Driver/Src/stm32f4xx_hal_eth.c:1037:HAL_ETH_Transmit_IT	16	static
Drivers/STM32F4xx_HAL_Driver/Src/stm32f4xx_hal_eth.c:1089:HAL_ETH_ReadData	56	static
Drivers/STM32F4xx_HAL_Driver/Src/stm32f4xx_hal_eth.c:1334:HAL_ETH_RxLinkCallback	0	static
Drivers/STM32F4xx_HAL_Driver/Src/stm32f4xx_hal_eth.c:1283:HAL_ETH_RegisterRxAllocateCallback	0	static
Drivers/STM32F4xx_HAL_Driver/Src/stm32f4xx_hal_eth.c:1304:HAL_ETH_UnRegisterRxAllocateCallback	0	static
Drivers/STM32F4xx_HAL_Driver/Src/stm32f4xx_hal_eth.c:1317:HAL_ETH_RxAllocateCallback	0	static
Drivers/STM32F4xx_HAL_Driver/Src/stm32f4xx_hal_eth.c:1353:HAL_ETH_RegisterRxLinkCallback	0	static
Drivers/STM32F4xx_HAL_Driver/Src/stm32f4xx_hal_eth.c:1373:HAL_ETH_UnRegisterRxLinkCallback	0	static
Drivers/STM32F4xx_HAL_Driver/Src/stm32f4xx_hal_eth.c:1388:HAL_ETH_GetRxDataErrorCode	0	static
Drivers/STM32F4xx_HAL_Driver/Src/stm32f4xx_hal_eth.c:1403:HAL_ETH_RegisterTxFreeCallback	0	static
Drivers/STM32F4xx_HAL_Driver/Src/stm32f4xx_hal_eth.c:1423:HAL_ETH_UnRegisterTxFreeCallback	0	static
Drivers/STM32F4xx_HAL_Driver/Src/stm32f4xx_hal_eth.c:1436:HAL_ETH_TxFreeCallback	0	static
Drivers/STM32F4xx_HAL_Driver/Src/stm32f4xx_hal_eth.c:1451:HAL_ETH_ReleaseTxPacket	32	static
Drivers/STM32F4xx_HAL_Driver/Src/stm32f4xx_hal_eth.c:1950:HAL_ETH_IRQHandler	32	static
Drivers/STM32F4xx_HAL_Driver/Src/stm32f4xx_hal_eth.c:2077:HAL_ETH_RxCpltCallback	0	static
Drivers/STM32F4xx_HAL_Driver/Src/stm32f4xx_hal_eth.c:2062:HAL_ETH_TxCpltCallback	0	static
Drivers/STM32F4xx_HAL_Driver/Src/stm32f4xx_hal_eth.c:2092:HAL_ETH_ErrorCallback	0	static
Drivers/STM32F4xx_HAL_Driver/Src/stm32f4xx_hal_eth.c:2107:HAL_ETH_PMTCallback	0	static
Drivers/STM32F4xx_HAL_Driver/Src/stm32f4xx_hal_eth.c:2123:HAL_ETH_WakeUpCallback	0	static
Drivers/STM32F4xx_HAL_Driver/Src/stm32f4xx_hal_eth.c:2141:HAL_ETH_ReadPHYRegister	32	static
Drivers/STM32F4xx_HAL_Driver/Src/stm32f4xx_hal_eth.c:2192:HAL_ETH_WritePHYRegister	32	static
Drivers/STM32F4xx_HAL_Driver/Src/stm32f4xx_hal_eth.c:2260:HAL_ETH_GetMACConfig	0	static
Drivers/STM32F4xx_HAL_Driver/Src/stm32f4xx_hal_eth.c:2303:HAL_ETH_GetDMAConfig	8	static
Drivers/STM32F4xx_HAL_Driver/Src/stm32f4xx_hal_eth.c:2342:HAL_ETH_SetMACConfig	16	static
Drivers/STM32F4xx_HAL_Driver/Src/stm32f4xx_hal_eth.c:2819:ETH_SetMACConfig	24	static
Drivers/STM32F4xx_HAL_Driver/Src/stm32f4xx_hal_eth.c:2369:HAL_ETH_SetDMAConfig	40	static
Drivers/STM32F4xx_HAL_Driver/Src/stm32f4xx_hal_eth.c:2394:HAL_ETH_SetMDIOClockRange	16	static
Drivers/STM32F4xx_HAL_Driver/Src/stm32f4xx_hal_eth.c:2446:HAL_ETH_SetMACFilterConfig	24	static
Drivers/STM32F4xx_HAL_Driver/Src/stm32f4xx_hal_eth.c:2487:HAL_ETH_GetMACFilterConfig	0	static
Drivers/STM32F4xx_HAL_Driver/Src/stm32f4xx_hal_eth.c:2524:HAL_ETH_SetSourceMACAddrMatch	8	static
Drivers/STM32F4xx_HAL_Driver/Src/stm32f4xx_hal_eth.c:2560:HAL_ETH_SetHashTable	16	static
Drivers/STM32F4xx_HAL_Driver/Src/stm32f4xx_hal_eth.c:2596:HAL_ETH_SetRxVLANIdentifier	16	static
Drivers/STM32F4xx_HAL_Driver/Src/stm32f4xx_hal_eth.c:2624:HAL_ETH_EnterPowerDownMode	8	static
Drivers/STM32F4xx_HAL_Driver/Src/stm32f4xx_hal_eth.c:2642:HAL_ETH_ExitPowerDownMode	16	static
Drivers/STM32F4xx_HAL_Driver/Src/stm32f4xx_hal_eth.c:2679:HAL_ETH_SetWakeUpFilter	8	static
Drivers/STM32F4xx_HAL_Driver/Src/stm32f4xx_hal_eth.c:2728:HAL_ETH_GetState	0	static
Drivers/STM32F4xx_HAL_Driver/Src/stm32f4xx_hal_eth.c:2739:HAL_ETH_GetError	0	static
Drivers/STM32F4xx_HAL_Driver/Src/stm32f4xx_hal_eth.c:2750:HAL_ETH_GetDMAError	0	static
Drivers/STM32F4xx_HAL_Driver/Src/stm32f4xx_hal_eth.c:2761:HAL_ETH_GetMACError	0	static
Drivers/STM32F4xx_HAL_Driver/Src/stm32f4xx_hal_eth.c:2772:HAL_ETH_GetMACWakeUpSource	0	static
Drivers/STM32F4xx_HAL_Driver/Src/stm32f4xx_hal_eth.c:2783:HAL_ETH_GetTxBuffersNumber	0	static
