Middlewares/Third_Party/LwIP/src/core/ipv4/dhcp.c:430:dhcp_coarse_tmr	48	static
Middlewares/Third_Party/LwIP/src/core/ipv4/dhcp.c:1318:dhcp_release_and_stop	48	static
Middlewares/Third_Party/LwIP/src/core/ipv4/dhcp.c:737:dhcp_start	16	static
Middlewares/Third_Party/LwIP/src/core/ipv4/dhcp.c:468:dhcp_fine_tmr	24	static
Middlewares/Third_Party/LwIP/src/core/ipv4/dhcp.c:690:dhcp_set_struct	16	static
Middlewares/Third_Party/LwIP/src/core/ipv4/dhcp.c:712:dhcp_cleanup	8	static
Middlewares/Third_Party/LwIP/src/core/ipv4/dhcp.c:226:dhcp_inc_pcb_refcount	16	static
Middlewares/Third_Party/LwIP/src/core/ipv4/dhcp.c:981:dhcp_discover	64	static
Middlewares/Third_Party/LwIP/src/core/ipv4/dhcp.c:814:dhcp_inform	96	static
Middlewares/Third_Party/LwIP/src/core/ipv4/dhcp.c:1874:dhcp_create_msg	32	static
Middlewares/Third_Party/LwIP/src/core/ipv4/dhcp.c:858:dhcp_network_changed	16	static
Middlewares/Third_Party/LwIP/src/core/ipv4/dhcp.c:1260:dhcp_reboot	64	static
Middlewares/Third_Party/LwIP/src/core/ipv4/dhcp.c:903:dhcp_arp_reply	48	static
Middlewares/Third_Party/LwIP/src/core/ipv4/dhcp.c:1150:dhcp_renew	64	static
Middlewares/Third_Party/LwIP/src/core/ipv4/dhcp.c:1980:dhcp_supplied_address	0	static
Middlewares/Third_Party/LwIP/src/core/ipv4/dhcp.c:1394:dhcp_release	8	static
Middlewares/Third_Party/LwIP/src/core/ipv4/dhcp.c:1406:dhcp_stop	0	static
Middlewares/Third_Party/LwIP/src/core/ipv4/dhcp.c:366:dhcp_select	64	static
Middlewares/Third_Party/LwIP/src/core/ipv4/dhcp.c:303:dhcp_check	16	static
Middlewares/Third_Party/LwIP/src/core/ipv4/dhcp.c:1040:dhcp_bind	24	static
Middlewares/Third_Party/LwIP/src/core/ipv4/dhcp.c:1754:dhcp_recv	104	static
Middlewares/Third_Party/LwIP/src/core/ipv4/dhcp.c:599:dhcp_handle_ack	24	static
Middlewares/Third_Party/LwIP/src/core/ipv4/dhcp.c:277:dhcp_handle_nak	16	static
Middlewares/Third_Party/LwIP/src/core/ipv4/dhcp.c:332:dhcp_handle_offer	16	static
