Middlewares/Third_Party/LwIP/src/core/ipv4/ip4_addr.c:58:ip4_addr_isbroadcast_u32	0	static
Middlewares/Third_Party/LwIP/src/core/ipv4/ip4_addr.c:93:ip4_addr_netmask_valid	8	static
Middlewares/Third_Party/LwIP/src/core/ipv4/ip4_addr.c:123:ipaddr_addr	16	static
Middlewares/Third_Party/LwIP/src/core/ipv4/ip4_addr.c:145:ip4addr_aton	56	static
Middlewares/Third_Party/LwIP/src/core/ipv4/ip4_addr.c:267:ip4addr_ntoa	44	static
Middlewares/Third_Party/LwIP/src/core/ipv4/ip4_addr.c:283:ip4addr_ntoa_r	60	static
