Middlewares/Third_Party/LwIP/src/api/api_lib.c:149:netconn_new_with_proto_and_callback	64	static
Middlewares/Third_Party/LwIP/src/api/api_lib.c:192:netconn_prepare_delete	40	static
Middlewares/Third_Party/LwIP/src/api/api_lib.c:233:netconn_delete	48	static
Middlewares/Third_Party/LwIP/src/api/api_lib.c:269:netconn_getaddr	56	static
Middlewares/Third_Party/LwIP/src/api/api_lib.c:307:netconn_bind	48	static
Middlewares/Third_Party/LwIP/src/api/api_lib.c:351:netconn_bind_if	48	static
Middlewares/Third_Party/LwIP/src/api/api_lib.c:377:netconn_connect	48	static
Middlewares/Third_Party/LwIP/src/api/api_lib.c:409:netconn_disconnect	40	static
Middlewares/Third_Party/LwIP/src/api/api_lib.c:434:netconn_listen_with_backlog	48	static
Middlewares/Third_Party/LwIP/src/api/api_lib.c:471:netconn_accept	32	static
Middlewares/Third_Party/LwIP/src/api/api_lib.c:1139:netconn_err	24	static
Middlewares/Third_Party/LwIP/src/api/api_lib.c:689:netconn_tcp_recvd	48	static
Middlewares/Third_Party/LwIP/src/api/api_lib.c:782:netconn_recv_tcp_pbuf	8	static
Middlewares/Third_Party/LwIP/src/api/api_lib.c:703:netconn_recv_data_tcp	96	static
Middlewares/Third_Party/LwIP/src/api/api_lib.c:803:netconn_recv_tcp_pbuf_flags	8	static
Middlewares/Third_Party/LwIP/src/api/api_lib.c:822:netconn_recv_udp_raw_netbuf	8	static
Middlewares/Third_Party/LwIP/src/api/api_lib.c:579:netconn_recv_data	32	static
Middlewares/Third_Party/LwIP/src/api/api_lib.c:842:netconn_recv_udp_raw_netbuf_flags	8	static
Middlewares/Third_Party/LwIP/src/api/api_lib.c:860:netconn_recv	24	static
Middlewares/Third_Party/LwIP/src/api/api_lib.c:922:netconn_sendto	56	static
Middlewares/Third_Party/LwIP/src/api/api_lib.c:941:netconn_send	48	static
Middlewares/Third_Party/LwIP/src/api/api_lib.c:974:netconn_write_partly	40	static
Middlewares/Third_Party/LwIP/src/api/api_lib.c:997:netconn_write_vectors_partly	72	static
Middlewares/Third_Party/LwIP/src/api/api_lib.c:1125:netconn_close	40	static
Middlewares/Third_Party/LwIP/src/api/api_lib.c:1163:netconn_shutdown	48	static
