Middlewares/Third_Party/LwIP/src/api/api_msg.c:131:lwip_netconn_is_err_msg	16	static
Middlewares/Third_Party/LwIP/src/api/api_msg.c:680:lwip_netconn_do_newconn	16	static
Middlewares/Third_Party/LwIP/src/api/api_msg.c:705:netconn_alloc	32	static
Middlewares/Third_Party/LwIP/src/api/api_msg.c:794:netconn_free	16	static
Middlewares/Third_Party/LwIP/src/api/api_msg.c:1113:lwip_netconn_do_delconn	16	static
Middlewares/Third_Party/LwIP/src/api/api_msg.c:827:netconn_drain	40	static
Middlewares/Third_Party/LwIP/src/api/api_msg.c:920:lwip_netconn_do_close_internal	48	static
Middlewares/Third_Party/LwIP/src/api/api_msg.c:1216:lwip_netconn_do_bind	8	static
Middlewares/Third_Party/LwIP/src/api/api_msg.c:1256:lwip_netconn_do_bind_if	16	static
Middlewares/Third_Party/LwIP/src/api/api_msg.c:1350:lwip_netconn_do_connect	24	static
Middlewares/Third_Party/LwIP/src/api/api_msg.c:1301:lwip_netconn_do_connected	32	static
Middlewares/Third_Party/LwIP/src/api/api_msg.c:1425:lwip_netconn_do_disconnect	8	static
Middlewares/Third_Party/LwIP/src/api/api_msg.c:1449:lwip_netconn_do_listen	24	static
Middlewares/Third_Party/LwIP/src/api/api_msg.c:533:accept_function	32	static
Middlewares/Third_Party/LwIP/src/api/api_msg.c:1532:lwip_netconn_do_send	8	static
Middlewares/Third_Party/LwIP/src/api/api_msg.c:1589:lwip_netconn_do_recv	24	static
Middlewares/Third_Party/LwIP/src/api/api_msg.c:1813:lwip_netconn_do_write	16	static
Middlewares/Third_Party/LwIP/src/api/api_msg.c:1640:lwip_netconn_do_writemore	56	static
Middlewares/Third_Party/LwIP/src/api/api_msg.c:1867:lwip_netconn_do_getaddr	0	static
Middlewares/Third_Party/LwIP/src/api/api_msg.c:1934:lwip_netconn_do_close	16	static
Middlewares/Third_Party/LwIP/src/api/api_msg.c:218:recv_udp	40	static
Middlewares/Third_Party/LwIP/src/api/api_msg.c:398:sent_tcp	16	static
Middlewares/Third_Party/LwIP/src/api/api_msg.c:357:poll_tcp	16	static
Middlewares/Third_Party/LwIP/src/api/api_msg.c:432:err_tcp	32	static
Middlewares/Third_Party/LwIP/src/api/api_msg.c:293:recv_tcp	32	static
