Middlewares/Third_Party/LwIP/src/api/netbuf.c:63:netbuf_new	8	static
Middlewares/Third_Party/LwIP/src/api/netbuf.c:81:netbuf_delete	8	static
Middlewares/Third_Party/LwIP/src/api/netbuf.c:102:netbuf_alloc	16	static
Middlewares/Third_Party/LwIP/src/api/netbuf.c:127:netbuf_free	8	static
Middlewares/Third_Party/LwIP/src/api/netbuf.c:151:netbuf_ref	24	static
Middlewares/Third_Party/LwIP/src/api/netbuf.c:176:netbuf_chain	16	static
Middlewares/Third_Party/LwIP/src/api/netbuf.c:196:netbuf_data	16	static
Middlewares/Third_Party/LwIP/src/api/netbuf.c:222:netbuf_next	8	static
Middlewares/Third_Party/LwIP/src/api/netbuf.c:244:netbuf_first	0	static
