Middlewares/Third_Party/LwIP/src/api/sockets.c:320:lwip_socket_thread_init	0	static
Middlewares/Third_Party/LwIP/src/api/sockets.c:327:lwip_socket_thread_cleanup	0	static
Middlewares/Third_Party/LwIP/src/api/sockets.c:422:lwip_socket_dbg_get_socket	0	static
Middlewares/Third_Party/LwIP/src/api/sockets.c:620:lwip_accept	96	static
Middlewares/Third_Party/LwIP/src/api/sockets.c:718:lwip_bind	32	static
Middlewares/Third_Party/LwIP/src/api/sockets.c:772:lwip_close	32	static
Middlewares/Third_Party/LwIP/src/api/sockets.c:813:lwip_connect	32	static
Middlewares/Third_Party/LwIP/src/api/sockets.c:881:lwip_listen	24	static
Middlewares/Third_Party/LwIP/src/api/sockets.c:1199:lwip_recvfrom	80	static
Middlewares/Third_Party/LwIP/src/api/sockets.c:920:lwip_recv_tcp	56	static
Middlewares/Third_Party/LwIP/src/api/sockets.c:1088:lwip_recvfrom_udp_raw	72	static
Middlewares/Third_Party/LwIP/src/api/sockets.c:1252:lwip_read	16	static
Middlewares/Third_Party/LwIP/src/api/sockets.c:1258:lwip_readv	48	static
Middlewares/Third_Party/LwIP/src/api/sockets.c:1281:lwip_recvmsg	40	static
Middlewares/Third_Party/LwIP/src/api/sockets.c:1275:lwip_recv	16	static
Middlewares/Third_Party/LwIP/src/api/sockets.c:1382:lwip_send	48	static
Middlewares/Third_Party/LwIP/src/api/sockets.c:1585:lwip_sendto	56	static
Middlewares/Third_Party/LwIP/src/api/sockets.c:1422:lwip_sendmsg	56	static
Middlewares/Third_Party/LwIP/src/api/sockets.c:1685:lwip_socket	40	static
Middlewares/Third_Party/LwIP/src/api/sockets.c:2477:event_callback	80	static
Middlewares/Third_Party/LwIP/src/api/sockets.c:1746:lwip_write	0	static
Middlewares/Third_Party/LwIP/src/api/sockets.c:1752:lwip_writev	48	static
Middlewares/Third_Party/LwIP/src/api/sockets.c:1964:lwip_select	136	static
Middlewares/Third_Party/LwIP/src/api/sockets.c:1835:lwip_selscan	88	static
Middlewares/Third_Party/LwIP/src/api/sockets.c:1795:lwip_unlink_select_cb	16	static
Middlewares/Third_Party/LwIP/src/api/sockets.c:2319:lwip_poll	72	static
Middlewares/Third_Party/LwIP/src/api/sockets.c:2193:lwip_pollscan	56	static
Middlewares/Third_Party/LwIP/src/api/sockets.c:2655:lwip_shutdown	32	static
Middlewares/Third_Party/LwIP/src/api/sockets.c:2747:lwip_getpeername	0	static
Middlewares/Third_Party/LwIP/src/api/sockets.c:2700:lwip_getaddrname	80	static
Middlewares/Third_Party/LwIP/src/api/sockets.c:2753:lwip_getsockname	0	static
Middlewares/Third_Party/LwIP/src/api/sockets.c:2759:lwip_getsockopt	40	static
Middlewares/Third_Party/LwIP/src/api/sockets.c:3205:lwip_setsockopt	40	static
Middlewares/Third_Party/LwIP/src/api/sockets.c:3743:lwip_ioctl	16	static
Middlewares/Third_Party/LwIP/src/api/sockets.c:3836:lwip_fcntl	32	static
Middlewares/Third_Party/LwIP/src/api/sockets.c:3919:lwip_inet_ntop	24	static
Middlewares/Third_Party/LwIP/src/api/sockets.c:3952:lwip_inet_pton	8	static
