Middlewares/Third_Party/LwIP/src/api/tcpip.c:240:tcpip_inpkt	24	static
Middlewares/Third_Party/LwIP/src/api/tcpip.c:283:tcpip_input	0	static
Middlewares/Third_Party/LwIP/src/api/tcpip.c:309:tcpip_callback	16	static
Middlewares/Third_Party/LwIP/src/api/tcpip.c:345:tcpip_try_callback	16	static
Middlewares/Third_Party/LwIP/src/api/tcpip.c:437:tcpip_send_msg_wait_sem	24	static
Middlewares/Third_Party/LwIP/src/api/tcpip.c:473:tcpip_api_call	24	static
Middlewares/Third_Party/LwIP/src/api/tcpip.c:531:tcpip_callbackmsg_new	16	static
Middlewares/Third_Party/LwIP/src/api/tcpip.c:552:tcpip_callbackmsg_delete	0	static
Middlewares/Third_Party/LwIP/src/api/tcpip.c:567:tcpip_callbackmsg_trycallback	8	static
Middlewares/Third_Party/LwIP/src/api/tcpip.c:586:tcpip_callbackmsg_trycallback_fromisr	8	static
Middlewares/Third_Party/LwIP/src/api/tcpip.c:602:tcpip_init	24	static
Middlewares/Third_Party/LwIP/src/api/tcpip.c:127:tcpip_thread	8	static
Middlewares/Third_Party/LwIP/src/api/tcpip.c:640:pbuf_free_callback	16	static
Middlewares/Third_Party/LwIP/src/api/tcpip.c:627:pbuf_free_int	0	static
Middlewares/Third_Party/LwIP/src/api/tcpip.c:653:mem_free_callback	16	static
