Middlewares/Third_Party/LwIP/src/core/netif.c:177:netif_init	0	static
Middlewares/Third_Party/LwIP/src/core/netif.c:217:netif_input	16	static
Middlewares/Third_Party/LwIP/src/core/netif.c:239:netif_add_noaddr	24	static
Middlewares/Third_Party/LwIP/src/core/netif.c:276:netif_add	56	static
Middlewares/Third_Party/LwIP/src/core/netif.c:1619:netif_null_output_ip4	0	static
Middlewares/Third_Party/LwIP/src/core/netif.c:658:netif_set_addr	32	static
Middlewares/Third_Party/LwIP/src/core/netif.c:500:netif_set_ipaddr	32	static
Middlewares/Third_Party/LwIP/src/core/netif.c:457:netif_do_set_ipaddr	32	static
Middlewares/Third_Party/LwIP/src/core/netif.c:560:netif_set_netmask	0	static
Middlewares/Third_Party/LwIP/src/core/netif.c:621:netif_set_gw	0	static
Middlewares/Third_Party/LwIP/src/core/netif.c:737:netif_remove	16	static
Middlewares/Third_Party/LwIP/src/core/netif.c:919:netif_set_down	0	static
Middlewares/Third_Party/LwIP/src/core/netif.c:822:netif_set_default	0	static
Middlewares/Third_Party/LwIP/src/core/netif.c:844:netif_set_up	0	static
Middlewares/Third_Party/LwIP/src/core/netif.c:988:netif_set_link_up	8	static
Middlewares/Third_Party/LwIP/src/core/netif.c:1026:netif_set_link_down	0	static
Middlewares/Third_Party/LwIP/src/core/netif.c:1051:netif_set_link_callback	0	static
Middlewares/Third_Party/LwIP/src/core/netif.c:1637:netif_name_to_index	8	static
Middlewares/Third_Party/LwIP/src/core/netif.c:1701:netif_find	16	static
Middlewares/Third_Party/LwIP/src/core/netif.c:1656:netif_index_to_name	16	static
Middlewares/Third_Party/LwIP/src/core/netif.c:1676:netif_get_by_index	0	static
