Middlewares/Third_Party/LwIP/src/core/pbuf.c:224:pbuf_alloc	48	static
Middlewares/Third_Party/LwIP/src/core/pbuf.c:327:pbuf_alloc_reference	16	static
Middlewares/Third_Party/LwIP/src/core/pbuf.c:725:pbuf_free	40	static
Middlewares/Third_Party/LwIP/src/core/pbuf.c:363:pbuf_alloced_custom	16	static
Middlewares/Third_Party/LwIP/src/core/pbuf.c:402:pbuf_realloc	40	static
Middlewares/Third_Party/LwIP/src/core/pbuf.c:551:pbuf_add_header	16	static
Middlewares/Third_Party/LwIP/src/core/pbuf.c:561:pbuf_add_header_force	16	static
Middlewares/Third_Party/LwIP/src/core/pbuf.c:582:pbuf_remove_header	16	static
Middlewares/Third_Party/LwIP/src/core/pbuf.c:646:pbuf_header	0	static
Middlewares/Third_Party/LwIP/src/core/pbuf.c:616:pbuf_header_impl	16	static
Middlewares/Third_Party/LwIP/src/core/pbuf.c:656:pbuf_header_force	0	static
Middlewares/Third_Party/LwIP/src/core/pbuf.c:671:pbuf_free_header	40	static
Middlewares/Third_Party/LwIP/src/core/pbuf.c:809:pbuf_clen	0	static
Middlewares/Third_Party/LwIP/src/core/pbuf.c:829:pbuf_ref	16	static
Middlewares/Third_Party/LwIP/src/core/pbuf.c:853:pbuf_cat	16	static
Middlewares/Third_Party/LwIP/src/core/pbuf.c:895:pbuf_chain	16	static
Middlewares/Third_Party/LwIP/src/core/pbuf.c:912:pbuf_dechain	16	static
Middlewares/Third_Party/LwIP/src/core/pbuf.c:961:pbuf_copy	40	static
Middlewares/Third_Party/LwIP/src/core/pbuf.c:1027:pbuf_copy_partial	40	static
Middlewares/Third_Party/LwIP/src/core/pbuf.c:1074:pbuf_get_contiguous	48	static
Middlewares/Third_Party/LwIP/src/core/pbuf.c:1178:pbuf_skip	8	static
Middlewares/Third_Party/LwIP/src/core/pbuf.c:1196:pbuf_take	40	static
Middlewares/Third_Party/LwIP/src/core/pbuf.c:1240:pbuf_take_at	40	static
Middlewares/Third_Party/LwIP/src/core/pbuf.c:1278:pbuf_coalesce	24	static
Middlewares/Third_Party/LwIP/src/core/pbuf.c:1306:pbuf_clone	24	static
Middlewares/Third_Party/LwIP/src/core/pbuf.c:1371:pbuf_get_at	8	static
Middlewares/Third_Party/LwIP/src/core/pbuf.c:1389:pbuf_try_get_at	8	static
Middlewares/Third_Party/LwIP/src/core/pbuf.c:1411:pbuf_put_at	8	static
Middlewares/Third_Party/LwIP/src/core/pbuf.c:1434:pbuf_memcmp	36	static
Middlewares/Third_Party/LwIP/src/core/pbuf.c:1476:pbuf_memfind	52	static
Middlewares/Third_Party/LwIP/src/core/pbuf.c:1503:pbuf_strstr	24	static
Middlewares/Third_Party/LwIP/src/core/pbuf.c:148:pbuf_free_ooseq_callback	8	static
