Middlewares/Third_Party/LwIP/src/core/tcp.c:201:tcp_init	8	static
Middlewares/Third_Party/LwIP/src/core/tcp.c:210:tcp_free	8	static
Middlewares/Third_Party/LwIP/src/core/tcp.c:234:tcp_tmr	8	static
Middlewares/Third_Party/LwIP/src/core/tcp.c:1479:tcp_fasttmr	32	static
Middlewares/Third_Party/LwIP/src/core/tcp.c:1192:tcp_slowtmr	72	static
Middlewares/Third_Party/LwIP/src/core/tcp.c:484:tcp_close	8	static
Middlewares/Third_Party/LwIP/src/core/tcp.c:348:tcp_close_shutdown	32	static
Middlewares/Third_Party/LwIP/src/core/tcp.c:515:tcp_shutdown	16	static
Middlewares/Third_Party/LwIP/src/core/tcp.c:563:tcp_abandon	64	static
Middlewares/Third_Party/LwIP/src/core/tcp.c:2177:tcp_pcb_remove	16	static
Middlewares/Third_Party/LwIP/src/core/tcp.c:1608:tcp_segs_free	16	static
Middlewares/Third_Party/LwIP/src/core/tcp.c:638:tcp_abort	0	static
Middlewares/Third_Party/LwIP/src/core/tcp.c:661:tcp_bind	24	static
Middlewares/Third_Party/LwIP/src/core/tcp.c:763:tcp_bind_netif	0	static
Middlewares/Third_Party/LwIP/src/core/tcp.c:825:tcp_listen_with_backlog	0	static
Middlewares/Third_Party/LwIP/src/core/tcp.c:848:tcp_listen_with_backlog_and_err	24	static
Middlewares/Third_Party/LwIP/src/core/tcp.c:778:tcp_accept_null	16	static
Middlewares/Third_Party/LwIP/src/core/tcp.c:930:tcp_update_rcv_ann_wnd	16	static
Middlewares/Third_Party/LwIP/src/core/tcp.c:968:tcp_recved	24	static
Middlewares/Third_Party/LwIP/src/core/tcp.c:1067:tcp_connect	40	static
Middlewares/Third_Party/LwIP/src/core/tcp.c:2215:tcp_next_iss	8	static
Middlewares/Third_Party/LwIP/src/core/tcp.c:2238:tcp_eff_send_mss_netif	16	static
Middlewares/Third_Party/LwIP/src/core/tcp.c:2386:tcp_free_ooseq	16	static
Middlewares/Third_Party/LwIP/src/core/tcp.c:2127:tcp_pcb_purge	16	static
Middlewares/Third_Party/LwIP/src/core/tcp.c:409:tcp_close_shutdown_fin	16	static
Middlewares/Third_Party/LwIP/src/core/tcp.c:1539:tcp_process_refused_data	24	static
Middlewares/Third_Party/LwIP/src/core/tcp.c:1526:tcp_txnow	8	static
Middlewares/Third_Party/LwIP/src/core/tcp.c:1684:tcp_recv_null	24	static
Middlewares/Third_Party/LwIP/src/core/tcp.c:1623:tcp_seg_free	8	static
Middlewares/Third_Party/LwIP/src/core/tcp.c:1644:tcp_setprio	0	static
Middlewares/Third_Party/LwIP/src/core/tcp.c:1662:tcp_seg_copy	16	static
Middlewares/Third_Party/LwIP/src/core/tcp.c:1834:tcp_alloc	16	static
Middlewares/Third_Party/LwIP/src/core/tcp.c:1706:tcp_kill_prio	16	static
Middlewares/Third_Party/LwIP/src/core/tcp.c:1945:tcp_new	0	static
Middlewares/Third_Party/LwIP/src/core/tcp.c:1962:tcp_new_ip_type	0	static
Middlewares/Third_Party/LwIP/src/core/tcp.c:1988:tcp_arg	0	static
Middlewares/Third_Party/LwIP/src/core/tcp.c:2011:tcp_recv	16	static
Middlewares/Third_Party/LwIP/src/core/tcp.c:2031:tcp_sent	16	static
Middlewares/Third_Party/LwIP/src/core/tcp.c:2057:tcp_err	16	static
Middlewares/Third_Party/LwIP/src/core/tcp.c:2076:tcp_accept	0	static
Middlewares/Third_Party/LwIP/src/core/tcp.c:2105:tcp_poll	16	static
Middlewares/Third_Party/LwIP/src/core/tcp.c:2331:tcp_netif_ip_addr_changed	16	static
Middlewares/Third_Party/LwIP/src/core/tcp.c:2354:tcp_debug_state_str	0	static
Middlewares/Third_Party/LwIP/src/core/tcp.c:2360:tcp_tcp_get_tcp_addrinfo	0	static
