Middlewares/Third_Party/LwIP/src/core/tcp_in.c:118:tcp_input	56	static
Middlewares/Third_Party/LwIP/src/core/tcp_in.c:739:tcp_timewait_input	24	static
Middlewares/Third_Party/LwIP/src/core/tcp_in.c:630:tcp_listen_input	40	static
Middlewares/Third_Party/LwIP/src/core/tcp_in.c:788:tcp_process	40	static
Middlewares/Third_Party/LwIP/src/core/tcp_in.c:600:tcp_input_delayed_close	8	static
Middlewares/Third_Party/LwIP/src/core/tcp_in.c:2029:tcp_trigger_input_pcb_close	0	static
Middlewares/Third_Party/LwIP/src/core/tcp_in.c:1909:tcp_parseopt	44	static
Middlewares/Third_Party/LwIP/src/core/tcp_in.c:1141:tcp_receive	48	static
Middlewares/Third_Party/LwIP/src/core/tcp_in.c:1088:tcp_free_acked_segments	40	static
Middlewares/Third_Party/LwIP/src/core/tcp_in.c:1051:tcp_oos_insert_segment	24	static
