Middlewares/Third_Party/LwIP/src/core/tcp_out.c:390:tcp_write	112	static
Middlewares/Third_Party/LwIP/src/core/tcp_out.c:225:tcp_pbuf_prealloc	40	static
Middlewares/Third_Party/LwIP/src/core/tcp_out.c:158:tcp_create_segment	32	static
Middlewares/Third_Party/LwIP/src/core/tcp_out.c:827:tcp_split_unsent_seg	56	static
Middlewares/Third_Party/LwIP/src/core/tcp_out.c:1001:tcp_send_fin	16	static
Middlewares/Third_Party/LwIP/src/core/tcp_out.c:1032:tcp_enqueue_flags	40	static
Middlewares/Third_Party/LwIP/src/core/tcp_out.c:1237:tcp_output	72	static
Middlewares/Third_Party/LwIP/src/core/tcp_out.c:2019:tcp_send_empty_ack	32	static
Middlewares/Third_Party/LwIP/src/core/tcp_out.c:1631:tcp_rexmit_rto_prepare	24	static
Middlewares/Third_Party/LwIP/src/core/tcp_out.c:1686:tcp_rexmit_rto_commit	8	static
Middlewares/Third_Party/LwIP/src/core/tcp_out.c:1707:tcp_rexmit_rto	8	static
Middlewares/Third_Party/LwIP/src/core/tcp_out.c:1724:tcp_rexmit	24	static
Middlewares/Third_Party/LwIP/src/core/tcp_out.c:1783:tcp_rexmit_fast	8	static
Middlewares/Third_Party/LwIP/src/core/tcp_out.c:1980:tcp_rst	56	static
Middlewares/Third_Party/LwIP/src/core/tcp_out.c:1818:tcp_output_alloc_header_common	40	static
Middlewares/Third_Party/LwIP/src/core/tcp_out.c:2078:tcp_keepalive	40	static
Middlewares/Third_Party/LwIP/src/core/tcp_out.c:2116:tcp_zero_window_probe	56	static
