Middlewares/Third_Party/LwIP/src/core/udp.c:87:udp_init	8	static
Middlewares/Third_Party/LwIP/src/core/udp.c:194:udp_input	48	static
Middlewares/Third_Party/LwIP/src/core/udp.c:467:udp_send	40	static
Middlewares/Third_Party/LwIP/src/core/udp.c:520:udp_sendto	32	static
Middlewares/Third_Party/LwIP/src/core/udp.c:624:udp_sendto_if	32	static
Middlewares/Third_Party/LwIP/src/core/udp.c:699:udp_sendto_if_src	48	static
Middlewares/Third_Party/LwIP/src/core/udp.c:932:udp_bind	40	static
Middlewares/Third_Party/LwIP/src/core/udp.c:1042:udp_bind_netif	0	static
Middlewares/Third_Party/LwIP/src/core/udp.c:1071:udp_connect	16	static
Middlewares/Third_Party/LwIP/src/core/udp.c:1126:udp_disconnect	0	static
Middlewares/Third_Party/LwIP/src/core/udp.c:1158:udp_recv	0	static
Middlewares/Third_Party/LwIP/src/core/udp.c:1179:udp_remove	0	static
Middlewares/Third_Party/LwIP/src/core/udp.c:1218:udp_new	8	static
Middlewares/Third_Party/LwIP/src/core/udp.c:1255:udp_new_ip_type	16	static
Middlewares/Third_Party/LwIP/src/core/udp.c:1278:udp_netif_ip_addr_changed	0	static
