Middlewares/Third_Party/LwIP/system/OS/sys_arch.c:50:sys_mbox_new	16	static
Middlewares/Third_Party/LwIP/system/OS/sys_arch.c:77:sys_mbox_free	8	static
Middlewares/Third_Party/LwIP/system/OS/sys_arch.c:104:sys_mbox_post	24	static
Middlewares/Third_Party/LwIP/system/OS/sys_arch.c:116:sys_mbox_trypost	16	static
Middlewares/Third_Party/LwIP/system/OS/sys_arch.c:143:sys_mbox_trypost_fromisr	24	static
Middlewares/Third_Party/LwIP/system/OS/sys_arch.c:164:sys_arch_mbox_fetch	24	static
Middlewares/Third_Party/LwIP/system/OS/sys_arch.c:213:sys_arch_mbox_tryfetch	8	static
Middlewares/Third_Party/LwIP/system/OS/sys_arch.c:235:sys_mbox_valid	0	static
Middlewares/Third_Party/LwIP/system/OS/sys_arch.c:243:sys_mbox_set_invalid	0	static
Middlewares/Third_Party/LwIP/system/OS/sys_arch.c:251:sys_sem_new	16	static
Middlewares/Third_Party/LwIP/system/OS/sys_arch.c:303:sys_arch_sem_wait	16	static
Middlewares/Third_Party/LwIP/system/OS/sys_arch.c:341:sys_sem_signal	0	static
Middlewares/Third_Party/LwIP/system/OS/sys_arch.c:348:sys_sem_free	0	static
Middlewares/Third_Party/LwIP/system/OS/sys_arch.c:357:sys_sem_valid	0	static
Middlewares/Third_Party/LwIP/system/OS/sys_arch.c:366:sys_sem_set_invalid	0	static
Middlewares/Third_Party/LwIP/system/OS/sys_arch.c:379:sys_init	8	static
Middlewares/Third_Party/LwIP/system/OS/sys_arch.c:393:sys_mutex_new	16	static
Middlewares/Third_Party/LwIP/system/OS/sys_arch.c:420:sys_mutex_free	0	static
Middlewares/Third_Party/LwIP/system/OS/sys_arch.c:430:sys_mutex_lock	0	static
Middlewares/Third_Party/LwIP/system/OS/sys_arch.c:441:sys_mutex_unlock	0	static
Middlewares/Third_Party/LwIP/system/OS/sys_arch.c:455:sys_thread_new	64	static
Middlewares/Third_Party/LwIP/system/OS/sys_arch.c:486:sys_arch_protect	8	static
Middlewares/Third_Party/LwIP/system/OS/sys_arch.c:506:sys_arch_unprotect	0	static
